Archive member included to satisfy reference by file (symbol)

c:/siliconlabs/simplicitystudio/v4/developer/toolchains/gnu_arm/7.2_2017q4/bin/../lib/gcc/arm-none-eabi/7.2.1/thumb/v7-m\libgcc.a(_aeabi_uldivmod.o)
                              ./emlib/em_usart.o (__aeabi_uldivmod)
c:/siliconlabs/simplicitystudio/v4/developer/toolchains/gnu_arm/7.2_2017q4/bin/../lib/gcc/arm-none-eabi/7.2.1/thumb/v7-m\libgcc.a(_udivmoddi4.o)
                              c:/siliconlabs/simplicitystudio/v4/developer/toolchains/gnu_arm/7.2_2017q4/bin/../lib/gcc/arm-none-eabi/7.2.1/thumb/v7-m\libgcc.a(_aeabi_uldivmod.o) (__udivmoddi4)
c:/siliconlabs/simplicitystudio/v4/developer/toolchains/gnu_arm/7.2_2017q4/bin/../lib/gcc/arm-none-eabi/7.2.1/thumb/v7-m\libgcc.a(_dvmd_tls.o)
                              c:/siliconlabs/simplicitystudio/v4/developer/toolchains/gnu_arm/7.2_2017q4/bin/../lib/gcc/arm-none-eabi/7.2.1/thumb/v7-m\libgcc.a(_aeabi_uldivmod.o) (__aeabi_ldiv0)
c:/siliconlabs/simplicitystudio/v4/developer/toolchains/gnu_arm/7.2_2017q4/bin/../lib/gcc/arm-none-eabi/7.2.1/../../../../arm-none-eabi/lib/thumb/v7-m\libc_nano.a(lib_a-exit.o)
                              c:/siliconlabs/simplicitystudio/v4/developer/toolchains/gnu_arm/7.2_2017q4/bin/../lib/gcc/arm-none-eabi/7.2.1/../../../../arm-none-eabi/lib/thumb/v7-m/crt0.o (exit)
c:/siliconlabs/simplicitystudio/v4/developer/toolchains/gnu_arm/7.2_2017q4/bin/../lib/gcc/arm-none-eabi/7.2.1/../../../../arm-none-eabi/lib/thumb/v7-m\libc_nano.a(lib_a-impure.o)
                              c:/siliconlabs/simplicitystudio/v4/developer/toolchains/gnu_arm/7.2_2017q4/bin/../lib/gcc/arm-none-eabi/7.2.1/../../../../arm-none-eabi/lib/thumb/v7-m\libc_nano.a(lib_a-exit.o) (_global_impure_ptr)
c:/siliconlabs/simplicitystudio/v4/developer/toolchains/gnu_arm/7.2_2017q4/bin/../lib/gcc/arm-none-eabi/7.2.1/../../../../arm-none-eabi/lib/thumb/v7-m\libc_nano.a(lib_a-init.o)
                              c:/siliconlabs/simplicitystudio/v4/developer/toolchains/gnu_arm/7.2_2017q4/bin/../lib/gcc/arm-none-eabi/7.2.1/../../../../arm-none-eabi/lib/thumb/v7-m/crt0.o (__libc_init_array)
c:/siliconlabs/simplicitystudio/v4/developer/toolchains/gnu_arm/7.2_2017q4/bin/../lib/gcc/arm-none-eabi/7.2.1/../../../../arm-none-eabi/lib/thumb/v7-m\libc_nano.a(lib_a-memcpy-stub.o)
                              ./FreeRTOS/efm32gg/queue.o (memcpy)
c:/siliconlabs/simplicitystudio/v4/developer/toolchains/gnu_arm/7.2_2017q4/bin/../lib/gcc/arm-none-eabi/7.2.1/../../../../arm-none-eabi/lib/thumb/v7-m\libc_nano.a(lib_a-memset.o)
                              c:/siliconlabs/simplicitystudio/v4/developer/toolchains/gnu_arm/7.2_2017q4/bin/../lib/gcc/arm-none-eabi/7.2.1/../../../../arm-none-eabi/lib/thumb/v7-m/crt0.o (memset)
c:/siliconlabs/simplicitystudio/v4/developer/toolchains/gnu_arm/7.2_2017q4/bin/../lib/gcc/arm-none-eabi/7.2.1/../../../../arm-none-eabi/lib/thumb/v7-m\libc_nano.a(lib_a-printf.o)
                              ./src/bsp_i2c.o (printf)
c:/siliconlabs/simplicitystudio/v4/developer/toolchains/gnu_arm/7.2_2017q4/bin/../lib/gcc/arm-none-eabi/7.2.1/../../../../arm-none-eabi/lib/thumb/v7-m\libc_nano.a(lib_a-findfp.o)
                              c:/siliconlabs/simplicitystudio/v4/developer/toolchains/gnu_arm/7.2_2017q4/bin/../lib/gcc/arm-none-eabi/7.2.1/../../../../arm-none-eabi/lib/thumb/v7-m\libc_nano.a(lib_a-printf.o) (__sinit)
c:/siliconlabs/simplicitystudio/v4/developer/toolchains/gnu_arm/7.2_2017q4/bin/../lib/gcc/arm-none-eabi/7.2.1/../../../../arm-none-eabi/lib/thumb/v7-m\libc_nano.a(lib_a-fwalk.o)
                              c:/siliconlabs/simplicitystudio/v4/developer/toolchains/gnu_arm/7.2_2017q4/bin/../lib/gcc/arm-none-eabi/7.2.1/../../../../arm-none-eabi/lib/thumb/v7-m\libc_nano.a(lib_a-findfp.o) (_fwalk)
c:/siliconlabs/simplicitystudio/v4/developer/toolchains/gnu_arm/7.2_2017q4/bin/../lib/gcc/arm-none-eabi/7.2.1/../../../../arm-none-eabi/lib/thumb/v7-m\libc_nano.a(lib_a-nano-mallocr.o)
                              c:/siliconlabs/simplicitystudio/v4/developer/toolchains/gnu_arm/7.2_2017q4/bin/../lib/gcc/arm-none-eabi/7.2.1/../../../../arm-none-eabi/lib/thumb/v7-m\libc_nano.a(lib_a-findfp.o) (_malloc_r)
c:/siliconlabs/simplicitystudio/v4/developer/toolchains/gnu_arm/7.2_2017q4/bin/../lib/gcc/arm-none-eabi/7.2.1/../../../../arm-none-eabi/lib/thumb/v7-m\libc_nano.a(lib_a-nano-vfprintf.o)
                              c:/siliconlabs/simplicitystudio/v4/developer/toolchains/gnu_arm/7.2_2017q4/bin/../lib/gcc/arm-none-eabi/7.2.1/../../../../arm-none-eabi/lib/thumb/v7-m\libc_nano.a(lib_a-printf.o) (_vfprintf_r)
c:/siliconlabs/simplicitystudio/v4/developer/toolchains/gnu_arm/7.2_2017q4/bin/../lib/gcc/arm-none-eabi/7.2.1/../../../../arm-none-eabi/lib/thumb/v7-m\libc_nano.a(lib_a-nano-vfprintf_i.o)
[...]
Memory Configuration

Name             Origin             Length             Attributes
FLASH            0x00000000         0x00100000         xr
RAM              0x20000000         0x00020000         xrw
*default*        0x00000000         0xffffffff

Linker script and memory map

LOAD c:/siliconlabs/simplicitystudio/v4/developer/toolchains/gnu_arm/7.2_2017q4/bin/../lib/gcc/arm-none-eabi/7.2.1/thumb/v7-m/crti.o
LOAD c:/siliconlabs/simplicitystudio/v4/developer/toolchains/gnu_arm/7.2_2017q4/bin/../lib/gcc/arm-none-eabi/7.2.1/thumb/v7-m/crtbegin.o
LOAD c:/siliconlabs/simplicitystudio/v4/developer/toolchains/gnu_arm/7.2_2017q4/bin/../lib/gcc/arm-none-eabi/7.2.1/../../../../arm-none-eabi/lib/thumb/v7-m/crt0.o
LOAD ./BSP/bsp_stk_leds.o
LOAD ./BSP/bsp_trace.o
LOAD ./CMSIS/EFM32GG/startup_gcc_efm32gg.o
LOAD ./CMSIS/EFM32GG/system_efm32gg.o
LOAD ./Drivers/sleep.o
LOAD ./FreeRTOS/efm32gg/croutine.o
LOAD ./FreeRTOS/efm32gg/event_groups.o
LOAD ./FreeRTOS/efm32gg/heap_1.o
LOAD ./FreeRTOS/efm32gg/list.o
LOAD ./FreeRTOS/efm32gg/port_gcc.o
LOAD ./FreeRTOS/efm32gg/queue.o
LOAD ./FreeRTOS/efm32gg/tasks.o
LOAD ./FreeRTOS/efm32gg/timers.o
LOAD ./emlib/em_adc.o
LOAD ./emlib/em_assert.o
LOAD ./emlib/em_burtc.o
LOAD ./emlib/em_cmu.o
LOAD ./emlib/em_core.o
LOAD ./emlib/em_dac.o
LOAD ./emlib/em_emu.o
LOAD ./emlib/em_gpio.o
LOAD ./emlib/em_i2c.o
LOAD ./emlib/em_leuart.o
LOAD ./emlib/em_rmu.o
LOAD ./emlib/em_rtc.o
LOAD ./emlib/em_system.o
LOAD ./emlib/em_usart.o
LOAD ./emlib/em_wdog.o
LOAD ./src/APDS9960.o
LOAD ./src/bsp_i2c.o
LOAD ./src/helper_functions.o
LOAD ./src/low_power_tick_management.o
LOAD ./src/main.o
START GROUP
LOAD c:/siliconlabs/simplicitystudio/v4/developer/toolchains/gnu_arm/7.2_2017q4/bin/../lib/gcc/arm-none-eabi/7.2.1/thumb/v7-m\libgcc.a
LOAD c:/siliconlabs/simplicitystudio/v4/developer/toolchains/gnu_arm/7.2_2017q4/bin/../lib/gcc/arm-none-eabi/7.2.1/../../../../arm-none-eabi/lib/thumb/v7-m\libc_nano.a
LOAD c:/siliconlabs/simplicitystudio/v4/developer/toolchains/gnu_arm/7.2_2017q4/bin/../lib/gcc/arm-none-eabi/7.2.1/../../../../arm-none-eabi/lib/thumb/v7-m\libnosys.a
END GROUP
START GROUP
LOAD c:/siliconlabs/simplicitystudio/v4/developer/toolchains/gnu_arm/7.2_2017q4/bin/../lib/gcc/arm-none-eabi/7.2.1/thumb/v7-m\libgcc.a
LOAD c:/siliconlabs/simplicitystudio/v4/developer/toolchains/gnu_arm/7.2_2017q4/bin/../lib/gcc/arm-none-eabi/7.2.1/../../../../arm-none-eabi/lib/thumb/v7-m\libg_nano.a
LOAD c:/siliconlabs/simplicitystudio/v4/developer/toolchains/gnu_arm/7.2_2017q4/bin/../lib/gcc/arm-none-eabi/7.2.1/../../../../arm-none-eabi/lib/thumb/v7-m\libc_nano.a
END GROUP
START GROUP
LOAD c:/siliconlabs/simplicitystudio/v4/developer/toolchains/gnu_arm/7.2_2017q4/bin/../lib/gcc/arm-none-eabi/7.2.1/thumb/v7-m\libgcc.a
LOAD c:/siliconlabs/simplicitystudio/v4/developer/toolchains/gnu_arm/7.2_2017q4/bin/../lib/gcc/arm-none-eabi/7.2.1/../../../../arm-none-eabi/lib/thumb/v7-m\libc_nano.a
END GROUP
LOAD c:/siliconlabs/simplicitystudio/v4/developer/toolchains/gnu_arm/7.2_2017q4/bin/../lib/gcc/arm-none-eabi/7.2.1/thumb/v7-m/crtend.o
LOAD c:/siliconlabs/simplicitystudio/v4/developer/toolchains/gnu_arm/7.2_2017q4/bin/../lib/gcc/arm-none-eabi/7.2.1/thumb/v7-m/crtn.o

.text           0x00000000     0x6578
 *(.vectors)
 .vectors       0x00000000       0xdc ./CMSIS/EFM32GG/startup_gcc_efm32gg.o
                0x00000000                __Vectors
                0x000000dc                __Vectors_End = .
                0x000000dc                __Vectors_Size = (__Vectors_End - __Vectors)
                0x000000dc                __end__ = .
 *(.text*)
 .text          0x000000dc       0x40 c:/siliconlabs/simplicitystudio/v4/developer/toolchains/gnu_arm/7.2_2017q4/bin/../lib/gcc/arm-none-eabi/7.2.1/thumb/v7-m/crtbegin.o
 .text          0x0000011c       0x74 c:/siliconlabs/simplicitystudio/v4/developer/toolchains/gnu_arm/7.2_2017q4/bin/../lib/gcc/arm-none-eabi/7.2.1/../../../../arm-none-eabi/lib/thumb/v7-m/crt0.o
                0x0000011c                _start
                0x0000011c                _mainCRTStartup
 .text.GPIO_PinOutSet
                0x00000190       0x98 ./BSP/bsp_stk_leds.o
 .text.BSP_LedsInit
                0x00000228       0x58 ./BSP/bsp_stk_leds.o
                0x00000228                BSP_LedsInit
 .text.BSP_LedSet
                0x00000280       0x40 ./BSP/bsp_stk_leds.o
                0x00000280                BSP_LedSet
 .text.BSP_TraceProfilerSetup
                0x000002c0      0x118 ./BSP/bsp_trace.o
                0x000002c0                BSP_TraceProfilerSetup
 .text          0x000003d8       0x30 ./CMSIS/EFM32GG/startup_gcc_efm32gg.o
                0x000003d8                Reset_Handler
                0x00000404                DebugMon_Handler
                0x00000404                USART0_TX_IRQHandler
                0x00000404                I2C0_IRQHandler
                0x00000404                HardFault_Handler
                0x00000404                LEUART1_IRQHandler
                0x00000404                USART1_RX_IRQHandler
                0x00000404                NMI_Handler
                0x00000404                I2C1_IRQHandler
                0x00000404                TIMER3_IRQHandler
                0x00000404                USART1_TX_IRQHandler
                0x00000404                MSC_IRQHandler
                0x00000404                ADC0_IRQHandler
                0x00000404                UsageFault_Handler
                0x00000404                LEUART0_IRQHandler
                0x00000404                GPIO_EVEN_IRQHandler
                0x00000404                UART0_TX_IRQHandler
                0x00000404                UART1_TX_IRQHandler
                0x00000404                RTC_IRQHandler
                0x00000404                TIMER0_IRQHandler
                0x00000404                TIMER2_IRQHandler
                0x00000404                LCD_IRQHandler
                0x00000404                PCNT2_IRQHandler
                0x00000404                UART0_RX_IRQHandler
                0x00000404                LETIMER0_IRQHandler
                0x00000404                TIMER1_IRQHandler
                0x00000404                USART2_RX_IRQHandler
                0x00000404                Default_Handler
                0x00000404                EMU_IRQHandler
                0x00000404                PCNT0_IRQHandler
                0x00000404                sl_app_properties
                0x00000404                USB_IRQHandler
                0x00000404                PCNT1_IRQHandler
                0x00000404                ACMP0_IRQHandler
                0x00000404                USART0_RX_IRQHandler
                0x00000404                MemManage_Handler
                0x00000404                DAC0_IRQHandler
                0x00000404                UART1_RX_IRQHandler
                0x00000404                CMU_IRQHandler
                0x00000404                EBI_IRQHandler
                0x00000404                LESENSE_IRQHandler
                0x00000404                GPIO_ODD_IRQHandler
                0x00000404                AES_IRQHandler
                0x00000404                VCMP_IRQHandler
                0x00000404                DMA_IRQHandler
                0x00000404                BusFault_Handler
                0x00000404                USART2_TX_IRQHandler
 .text.GetProdRev
                0x00000408       0x18 ./CMSIS/EFM32GG/system_efm32gg.o
 .text.SystemCoreClockGet
                0x00000420       0x34 ./CMSIS/EFM32GG/system_efm32gg.o
                0x00000420                SystemCoreClockGet
 .text.SystemMaxCoreClockGet
                0x00000454       0x14 ./CMSIS/EFM32GG/system_efm32gg.o
                0x00000454                SystemMaxCoreClockGet
 .text.SystemHFClockGet
                0x00000468      0x100 ./CMSIS/EFM32GG/system_efm32gg.o
                0x00000468                SystemHFClockGet
 .text.SystemHFXOClockGet
                0x00000568       0x14 ./CMSIS/EFM32GG/system_efm32gg.o
                0x00000568                SystemHFXOClockGet
 .text.SystemInit
                0x0000057c       0x1c ./CMSIS/EFM32GG/system_efm32gg.o
                0x0000057c                SystemInit
 .text.SystemLFRCOClockGet
                0x00000598       0x10 ./CMSIS/EFM32GG/system_efm32gg.o
                0x00000598                SystemLFRCOClockGet
 .text.SystemULFRCOClockGet
                0x000005a8       0x10 ./CMSIS/EFM32GG/system_efm32gg.o
                0x000005a8                SystemULFRCOClockGet
 .text.SystemLFXOClockGet
                0x000005b8       0x14 ./CMSIS/EFM32GG/system_efm32gg.o
                0x000005b8                SystemLFXOClockGet
 .text.EMU_EnterEM1
                0x000005cc       0x20 ./Drivers/sleep.o
 .text.SLEEP_Sleep
                0x000005ec       0x90 ./Drivers/sleep.o
                0x000005ec                SLEEP_Sleep
 .text.SLEEP_LowestEnergyModeGet
                0x0000067c       0x3c ./Drivers/sleep.o
                0x0000067c                SLEEP_LowestEnergyModeGet
 .text.enterEMx
                0x000006b8       0xac ./Drivers/sleep.o
 .text.pvPortMalloc
                0x00000764       0x8c ./FreeRTOS/efm32gg/heap_1.o
                0x00000764                pvPortMalloc
 .text.vPortFree
                0x000007f0       0x24 ./FreeRTOS/efm32gg/heap_1.o
                0x000007f0                vPortFree
 .text.vListInitialise
                0x00000814       0x3e ./FreeRTOS/efm32gg/list.o
                0x00000814                vListInitialise
 .text.vListInitialiseItem
                0x00000852       0x18 ./FreeRTOS/efm32gg/list.o
                0x00000852                vListInitialiseItem
 .text.vListInsertEnd
                0x0000086a       0x46 ./FreeRTOS/efm32gg/list.o
                0x0000086a                vListInsertEnd
 .text.vListInsert
                0x000008b0       0x70 ./FreeRTOS/efm32gg/list.o
                0x000008b0                vListInsert
 .text.uxListRemove
                0x00000920       0x52 ./FreeRTOS/efm32gg/list.o
                0x00000920                uxListRemove
 *fill*         0x00000972        0x2 
 .text.pxPortInitialiseStack
                0x00000974       0x58 ./FreeRTOS/efm32gg/port_gcc.o
                0x00000974                pxPortInitialiseStack
 .text.prvTaskExitError
                0x000009cc       0x34 ./FreeRTOS/efm32gg/port_gcc.o
 .text.SVC_Handler
                0x00000a00       0x28 ./FreeRTOS/efm32gg/port_gcc.o
                0x00000a00                SVC_Handler
 .text.prvPortStartFirstTask
                0x00000a28       0x20 ./FreeRTOS/efm32gg/port_gcc.o
 .text.xPortStartScheduler
                0x00000a48       0xbc ./FreeRTOS/efm32gg/port_gcc.o
                0x00000a48                xPortStartScheduler
 .text.vPortEnterCritical
                0x00000b04       0x54 ./FreeRTOS/efm32gg/port_gcc.o
                0x00000b04                vPortEnterCritical
 .text.vPortExitCritical
                0x00000b58       0x44 ./FreeRTOS/efm32gg/port_gcc.o
                0x00000b58                vPortExitCritical
 *fill*         0x00000b9c        0x4 
 .text.PendSV_Handler
                0x00000ba0       0x48 ./FreeRTOS/efm32gg/port_gcc.o
                0x00000ba0                PendSV_Handler
 .text.SysTick_Handler
                0x00000be8       0x40 ./FreeRTOS/efm32gg/port_gcc.o
                0x00000be8                SysTick_Handler
 .text.vPortValidateInterruptPriority
                0x00000c28       0x68 ./FreeRTOS/efm32gg/port_gcc.o
                0x00000c28                vPortValidateInterruptPriority
 .text.xQueueGenericReset
                0x00000c90       0xc8 ./FreeRTOS/efm32gg/queue.o
                0x00000c90                xQueueGenericReset
 .text.xQueueGenericCreate
                0x00000d58       0x6c ./FreeRTOS/efm32gg/queue.o
                0x00000d58                xQueueGenericCreate
 .text.prvInitialiseNewQueue
                0x00000dc4       0x3e ./FreeRTOS/efm32gg/queue.o
 *fill*         0x00000e02        0x2 
 .text.xQueueGenericSend
                0x00000e04      0x1b4 ./FreeRTOS/efm32gg/queue.o
                0x00000e04                xQueueGenericSend
 .text.xQueueGenericSendFromISR
                0x00000fb8       0xfc ./FreeRTOS/efm32gg/queue.o
                0x00000fb8                xQueueGenericSendFromISR
 .text.xQueueGenericReceive
                0x000010b4      0x1f8 ./FreeRTOS/efm32gg/queue.o
                0x000010b4                xQueueGenericReceive
 .text.prvCopyDataToQueue
                0x000012ac       0xd4 ./FreeRTOS/efm32gg/queue.o
 .text.prvCopyDataFromQueue
                0x00001380       0x4c ./FreeRTOS/efm32gg/queue.o
 .text.prvUnlockQueue
                0x000013cc       0xa4 ./FreeRTOS/efm32gg/queue.o
 .text.prvIsQueueEmpty
                0x00001470       0x2c ./FreeRTOS/efm32gg/queue.o
 .text.prvIsQueueFull
                0x0000149c       0x30 ./FreeRTOS/efm32gg/queue.o
 .text.vQueueAddToRegistry
                0x000014cc       0x50 ./FreeRTOS/efm32gg/queue.o
                0x000014cc                vQueueAddToRegistry
 .text.vQueueWaitForMessageRestricted
                0x0000151c       0x68 ./FreeRTOS/efm32gg/queue.o
                0x0000151c                vQueueWaitForMessageRestricted
 .text.xTaskCreate
                0x00001584       0x82 ./FreeRTOS/efm32gg/tasks.o
                0x00001584                xTaskCreate
 *fill*         0x00001606        0x2 
 .text.prvInitialiseNewTask
                0x00001608       0xf8 ./FreeRTOS/efm32gg/tasks.o
 .text.prvAddNewTaskToReadyList
                0x00001700       0xd4 ./FreeRTOS/efm32gg/tasks.o
 .text.vTaskDelay
                0x000017d4       0x60 ./FreeRTOS/efm32gg/tasks.o
                0x000017d4                vTaskDelay
 .text.vTaskStartScheduler
                0x00001834       0x90 ./FreeRTOS/efm32gg/tasks.o
                0x00001834                vTaskStartScheduler
 .text.vTaskSuspendAll
                0x000018c4       0x1c ./FreeRTOS/efm32gg/tasks.o
                0x000018c4                vTaskSuspendAll
 .text.xTaskResumeAll
                0x000018e0      0x130 ./FreeRTOS/efm32gg/tasks.o
                0x000018e0                xTaskResumeAll
 .text.xTaskGetTickCount
                0x00001a10       0x1c ./FreeRTOS/efm32gg/tasks.o
                0x00001a10                xTaskGetTickCount
 .text.xTaskIncrementTick
                0x00001a2c      0x174 ./FreeRTOS/efm32gg/tasks.o
                0x00001a2c                xTaskIncrementTick
 .text.vTaskSwitchContext
                0x00001ba0       0xac ./FreeRTOS/efm32gg/tasks.o
                0x00001ba0                vTaskSwitchContext
 .text.vTaskPlaceOnEventList
                0x00001c4c       0x40 ./FreeRTOS/efm32gg/tasks.o
                0x00001c4c                vTaskPlaceOnEventList
 .text.vTaskPlaceOnEventListRestricted
                0x00001c8c       0x50 ./FreeRTOS/efm32gg/tasks.o
                0x00001c8c                vTaskPlaceOnEventListRestricted
 .text.xTaskRemoveFromEventList
                0x00001cdc       0xbc ./FreeRTOS/efm32gg/tasks.o
                0x00001cdc                xTaskRemoveFromEventList
 .text.vTaskSetTimeOutState
                0x00001d98       0x3c ./FreeRTOS/efm32gg/tasks.o
                0x00001d98                vTaskSetTimeOutState
 .text.xTaskCheckForTimeOut
                0x00001dd4       0xac ./FreeRTOS/efm32gg/tasks.o
                0x00001dd4                xTaskCheckForTimeOut
 .text.vTaskMissedYield
                0x00001e80       0x18 ./FreeRTOS/efm32gg/tasks.o
                0x00001e80                vTaskMissedYield
 .text.prvIdleTask
                0x00001e98       0x12 ./FreeRTOS/efm32gg/tasks.o
 *fill*         0x00001eaa        0x2 
 .text.prvInitialiseTaskLists
                0x00001eac       0x80 ./FreeRTOS/efm32gg/tasks.o
 .text.prvCheckTasksWaitingTermination
                0x00001f2c       0x78 ./FreeRTOS/efm32gg/tasks.o
 .text.prvDeleteTCB
                0x00001fa4       0x20 ./FreeRTOS/efm32gg/tasks.o
 .text.prvResetNextTaskUnblockTime
                0x00001fc4       0x48 ./FreeRTOS/efm32gg/tasks.o
 .text.xTaskGetSchedulerState
                0x0000200c       0x3c ./FreeRTOS/efm32gg/tasks.o
                0x0000200c                xTaskGetSchedulerState
 .text.vTaskPriorityInherit
                0x00002048       0xec ./FreeRTOS/efm32gg/tasks.o
                0x00002048                vTaskPriorityInherit
 .text.xTaskPriorityDisinherit
                0x00002134       0xf8 ./FreeRTOS/efm32gg/tasks.o
                0x00002134                xTaskPriorityDisinherit
 .text.pvTaskIncrementMutexHeldCount
                0x0000222c       0x28 ./FreeRTOS/efm32gg/tasks.o
                0x0000222c                pvTaskIncrementMutexHeldCount
 .text.prvAddCurrentTaskToDelayedList
                0x00002254       0xcc ./FreeRTOS/efm32gg/tasks.o
 .text.xTimerCreateTimerTask
                0x00002320       0x5c ./FreeRTOS/efm32gg/timers.o
                0x00002320                xTimerCreateTimerTask
 .text.xTimerGenericCommand
                0x0000237c       0x94 ./FreeRTOS/efm32gg/timers.o
                0x0000237c                xTimerGenericCommand
 .text.prvProcessExpiredTimer
                0x00002410       0x78 ./FreeRTOS/efm32gg/timers.o
 .text.prvTimerTask
                0x00002488       0x24 ./FreeRTOS/efm32gg/timers.o
 .text.prvProcessTimerOrBlockTask
                0x000024ac       0x9c ./FreeRTOS/efm32gg/timers.o
 .text.prvGetNextExpireTime
                0x00002548       0x48 ./FreeRTOS/efm32gg/timers.o
 .text.prvSampleTimeNow
                0x00002590       0x40 ./FreeRTOS/efm32gg/timers.o
 .text.prvInsertTimerInActiveList
                0x000025d0       0x84 ./FreeRTOS/efm32gg/timers.o
 .text.prvProcessReceivedCommands
                0x00002654      0x114 ./FreeRTOS/efm32gg/timers.o
 .text.prvSwitchTimerLists
                0x00002768       0xbc ./FreeRTOS/efm32gg/timers.o
 .text.prvCheckForValidListAndQueue
                0x00002824       0x6c ./FreeRTOS/efm32gg/timers.o
 .text.assertEFM
                0x00002890        0xc ./emlib/em_assert.o
                0x00002890                assertEFM
 .text.BUS_RegBitWrite
                0x0000289c       0x2c ./emlib/em_burtc.o
 .text.BURTC_IntClear
                0x000028c8       0x1c ./emlib/em_burtc.o
 .text.BURTC_FreezeEnable
                0x000028e4       0x24 ./emlib/em_burtc.o
 .text.divToLog2
                0x00002908       0x3c ./emlib/em_burtc.o
 .text.regSync  0x00002944       0x4c ./emlib/em_burtc.o
 .text.BURTC_Init
                0x00002990      0x118 ./emlib/em_burtc.o
                0x00002990                BURTC_Init
 .text.BURTC_Enable
                0x00002aa8       0x50 ./emlib/em_burtc.o
                0x00002aa8                BURTC_Enable
 .text.BURTC_CompareSet
                0x00002af8       0x38 ./emlib/em_burtc.o
                0x00002af8                BURTC_CompareSet
 .text.BURTC_CompareGet
                0x00002b30       0x2c ./emlib/em_burtc.o
                0x00002b30                BURTC_CompareGet
 .text.BURTC_CounterReset
                0x00002b5c       0x20 ./emlib/em_burtc.o
                0x00002b5c                BURTC_CounterReset
 .text.BUS_RegBitWrite
                0x00002b7c       0x2c ./emlib/em_cmu.o
 .text.BUS_RegBitRead
                0x00002ba8       0x28 ./emlib/em_cmu.o
 .text.CMU_DivToLog2
                0x00002bd0       0x3c ./emlib/em_cmu.o
 .text.SYSTEM_GetProdRev
                0x00002c0c       0x18 ./emlib/em_cmu.o
 .text.SYSTEM_GetFamily
                0x00002c24       0x18 ./emlib/em_cmu.o
 .text.maxFreqHfle
                0x00002c3c       0x88 ./emlib/em_cmu.o
 .text.setHfLeConfig
                0x00002cc4       0x64 ./emlib/em_cmu.o
 .text.getHfLeConfig
                0x00002d28       0x20 ./emlib/em_cmu.o
 .text.auxClkGet
                0x00002d48       0xc0 ./emlib/em_cmu.o
 .text.dbgClkGet
                0x00002e08       0x4c ./emlib/em_cmu.o
 .text.flashWaitStateControl
                0x00002e54       0x98 ./emlib/em_cmu.o
 .text.flashWaitStateMax
                0x00002eec       0x44 ./emlib/em_cmu.o
 .text.CMU_UpdateWaitStates
                0x00002f30       0x40 ./emlib/em_cmu.o
                0x00002f30                CMU_UpdateWaitStates
 .text.lfClkGet
                0x00002f70      0x10c ./emlib/em_cmu.o
 .text.syncReg  0x0000307c       0x34 ./emlib/em_cmu.o
 .text.usbCClkGet
                0x000030b0       0x4c ./emlib/em_cmu.o
 .text.hfperClkSafePrescaler
                0x000030fc        0xc ./emlib/em_cmu.o
 .text.hfperClkOptimizedPrescaler
                0x00003108        0xc ./emlib/em_cmu.o
 .text.CMU_ClockEnable
                0x00003114       0xdc ./emlib/em_cmu.o
                0x00003114                CMU_ClockEnable
 .text.CMU_ClockFreqGet
                0x000031f0      0x1e4 ./emlib/em_cmu.o
                0x000031f0                CMU_ClockFreqGet
 .text.CMU_ClockSelectGet
                0x000033d4      0x168 ./emlib/em_cmu.o
                0x000033d4                CMU_ClockSelectGet
 .text.CMU_ClockSelectSet
                0x0000353c      0x2e0 ./emlib/em_cmu.o
                0x0000353c                CMU_ClockSelectSet
 .text.CMU_OscillatorEnable
                0x0000381c       0xc8 ./emlib/em_cmu.o
                0x0000381c                CMU_OscillatorEnable
 .text.CORE_EnterCritical
                0x000038e4       0x1e ./emlib/em_core.o
                0x000038e4                CORE_EnterCritical
 .text.CORE_ExitCritical
                0x00003902       0x1a ./emlib/em_core.o
                0x00003902                CORE_ExitCritical
 .text.SystemCoreClockUpdate
                0x0000391c        0xc ./emlib/em_emu.o
 .text.EMU_Unlock
                0x00003928       0x18 ./emlib/em_emu.o
 .text.CMU_Lock
                0x00003940       0x18 ./emlib/em_emu.o
 .text.CMU_Unlock
                0x00003958       0x1c ./emlib/em_emu.o
 .text.emState  0x00003974       0xcc ./emlib/em_emu.o
 .text.getErrataFixEmuE107En
                0x00003a40       0x68 ./emlib/em_emu.o
 .text.EMU_EM23PresleepHook
                0x00003aa8        0xc ./emlib/em_emu.o
                0x00003aa8                EMU_EM23PresleepHook
 .text.EMU_EM23PostsleepHook
                0x00003ab4        0xc ./emlib/em_emu.o
                0x00003ab4                EMU_EM23PostsleepHook
 .text.EMU_EnterEM2
                0x00003ac0       0xa0 ./emlib/em_emu.o
                0x00003ac0                EMU_EnterEM2
 .text.EMU_EnterEM3
                0x00003b60       0xc8 ./emlib/em_emu.o
                0x00003b60                EMU_EnterEM3
 .text.EMU_Save
                0x00003c28        0xe ./emlib/em_emu.o
                0x00003c28                EMU_Save
 .text.EMU_Restore
                0x00003c36        0xe ./emlib/em_emu.o
                0x00003c36                EMU_Restore
 .text.EMU_EnterEM4
                0x00003c44       0x54 ./emlib/em_emu.o
                0x00003c44                EMU_EnterEM4
 .text.GPIO_PinOutClear
                0x00003c98       0x98 ./emlib/em_gpio.o
 .text.GPIO_PinOutSet
                0x00003d30       0x98 ./emlib/em_gpio.o
 .text.GPIO_PinModeSet
                0x00003dc8      0x15c ./emlib/em_gpio.o
                0x00003dc8                GPIO_PinModeSet
 .text.I2C_IntClear
                0x00003f24       0x1a ./emlib/em_i2c.o
 .text.BUS_RegBitWrite
                0x00003f3e       0x2c ./emlib/em_i2c.o
 .text.BUS_RegMaskedWrite
                0x00003f6a       0x28 ./emlib/em_i2c.o
 .text.flushRx  0x00003f92       0x24 ./emlib/em_i2c.o
 *fill*         0x00003fb6        0x2 
 .text.I2C_BusFreqSet
                0x00003fb8      0x19c ./emlib/em_i2c.o
                0x00003fb8                I2C_BusFreqSet
 .text.I2C_Enable
                0x00004154       0x48 ./emlib/em_i2c.o
                0x00004154                I2C_Enable
 .text.I2C_Init
                0x0000419c       0x7c ./emlib/em_i2c.o
                0x0000419c                I2C_Init
 .text.I2C_Transfer
                0x00004218      0x478 ./emlib/em_i2c.o
                0x00004218                I2C_Transfer
 .text.I2C_TransferInit
                0x00004690       0xfc ./emlib/em_i2c.o
                0x00004690                I2C_TransferInit
 .text.SL_CTZ   0x0000478c       0x26 ./emlib/em_rmu.o
 .text.BUS_RegBitWrite
                0x000047b2       0x2c ./emlib/em_rmu.o
 *fill*         0x000047de        0x2 
 .text.RMU_ResetControl
                0x000047e0       0x3c ./emlib/em_rmu.o
                0x000047e0                RMU_ResetControl
 .text.SYSTEM_ChipRevisionGet
                0x0000481c       0x88 ./emlib/em_system.o
                0x0000481c                SYSTEM_ChipRevisionGet
 .text.Init     0x000048a4      0x1ca ./src/APDS9960.o
                0x000048a4                Init
 .text.setProximityGain
                0x00004a6e       0x6c ./src/APDS9960.o
                0x00004a6e                setProximityGain
 .text.setLEDDrive
                0x00004ada       0x6c ./src/APDS9960.o
                0x00004ada                setLEDDrive
 .text.setAmbientLightGain
                0x00004b46       0x5c ./src/APDS9960.o
                0x00004b46                setAmbientLightGain
 .text.setLightIntLowThreshold
                0x00004ba2       0x58 ./src/APDS9960.o
                0x00004ba2                setLightIntLowThreshold
 .text.setLightIntHighThreshold
                0x00004bfa       0x58 ./src/APDS9960.o
                0x00004bfa                setLightIntHighThreshold
 .text.setAmbientLightIntEnable
                0x00004c52       0x6c ./src/APDS9960.o
                0x00004c52                setAmbientLightIntEnable
 .text.readAmbientLight
                0x00004cbe       0x6c ./src/APDS9960.o
                0x00004cbe                readAmbientLight
 *fill*         0x00004d2a        0x2 
 .text.BSP_I2C_Init
                0x00004d2c       0x68 ./src/bsp_i2c.o
                0x00004d2c                BSP_I2C_Init
 .text.BSP_I2C_WriteRegister
                0x00004d94       0x88 ./src/bsp_i2c.o
                0x00004d94                BSP_I2C_WriteRegister
 .text.BSP_I2C_ReadRegister
                0x00004e1c       0x78 ./src/bsp_i2c.o
                0x00004e1c                BSP_I2C_ReadRegister
 .text.ITM_SendChar
                0x00004e94       0x4c ./src/helper_functions.o
 .text._write   0x00004ee0       0x38 ./src/helper_functions.o
                0x00004ee0                _write
 .text.__NVIC_EnableIRQ
                0x00004f18       0x38 ./src/low_power_tick_management.o
 .text.__NVIC_ClearPendingIRQ
                0x00004f50       0x3c ./src/low_power_tick_management.o
 .text.__NVIC_SetPriority
                0x00004f8c       0x54 ./src/low_power_tick_management.o
 .text.BURTC_IntClear
                0x00004fe0       0x1c ./src/low_power_tick_management.o
 .text.BURTC_IntDisable
                0x00004ffc       0x24 ./src/low_power_tick_management.o
 .text.BURTC_IntEnable
                0x00005020       0x24 ./src/low_power_tick_management.o
 .text.vApplicationIdleHook
                0x00005044        0xc ./src/low_power_tick_management.o
                0x00005044                vApplicationIdleHook
 .text.BURTC_IRQHandler
                0x00005050       0x7c ./src/low_power_tick_management.o
                0x00005050                BURTC_IRQHandler
 .text.vPortSetupTimerInterrupt
                0x000050cc       0x84 ./src/low_power_tick_management.o
                0x000050cc                vPortSetupTimerInterrupt
 .text.SYSTEM_GetProdRev
                0x00005150       0x18 ./src/main.o
 .text.CHIP_Init
                0x00005168       0x48 ./src/main.o
 .text.LedBlink
                0x000051b0       0x94 ./src/main.o
 .text.main     0x00005244       0x60 ./src/main.o
                0x00005244                main
 .text.exit     0x000052a4       0x28 c:/siliconlabs/simplicitystudio/v4/developer/toolchains/gnu_arm/7.2_2017q4/bin/../lib/gcc/arm-none-eabi/7.2.1/../../../../arm-none-eabi/lib/thumb/v7-m\libc_nano.a(lib_a-exit.o)
                0x000052a4                exit
 .text.__libc_init_array
                0x000052cc       0x48 c:/siliconlabs/simplicitystudio/v4/developer/toolchains/gnu_arm/7.2_2017q4/bin/../lib/gcc/arm-none-eabi/7.2.1/../../../../arm-none-eabi/lib/thumb/v7-m\libc_nano.a(lib_a-init.o)
                0x000052cc                __libc_init_array
 .text.memcpy   0x00005314       0x16 c:/siliconlabs/simplicitystudio/v4/developer/toolchains/gnu_arm/7.2_2017q4/bin/../lib/gcc/arm-none-eabi/7.2.1/../../../../arm-none-eabi/lib/thumb/v7-m\libc_nano.a(lib_a-memcpy-stub.o)
                0x00005314                memcpy
 .text.memset   0x0000532a       0x10 c:/siliconlabs/simplicitystudio/v4/developer/toolchains/gnu_arm/7.2_2017q4/bin/../lib/gcc/arm-none-eabi/7.2.1/../../../../arm-none-eabi/lib/thumb/v7-m\libc_nano.a(lib_a-memset.o)
                0x0000532a                memset
 *fill*         0x0000533a        0x2 
 .text.printf   0x0000533c       0x30 c:/siliconlabs/simplicitystudio/v4/developer/toolchains/gnu_arm/7.2_2017q4/bin/../lib/gcc/arm-none-eabi/7.2.1/../../../../arm-none-eabi/lib/thumb/v7-m\libc_nano.a(lib_a-printf.o)
                0x0000533c                iprintf
                0x0000533c                printf
 .text.std      0x0000536c       0x48 c:/siliconlabs/simplicitystudio/v4/developer/toolchains/gnu_arm/7.2_2017q4/bin/../lib/gcc/arm-none-eabi/7.2.1/../../../../arm-none-eabi/lib/thumb/v7-m\libc_nano.a(lib_a-findfp.o)
 .text._cleanup_r
                0x000053b4        0xc c:/siliconlabs/simplicitystudio/v4/developer/toolchains/gnu_arm/7.2_2017q4/bin/../lib/gcc/arm-none-eabi/7.2.1/../../../../arm-none-eabi/lib/thumb/v7-m\libc_nano.a(lib_a-findfp.o)
                0x000053b4                _cleanup_r
 .text.__sfmoreglue
                0x000053c0       0x2c c:/siliconlabs/simplicitystudio/v4/developer/toolchains/gnu_arm/7.2_2017q4/bin/../lib/gcc/arm-none-eabi/7.2.1/../../../../arm-none-eabi/lib/thumb/v7-m\libc_nano.a(lib_a-findfp.o)
                0x000053c0                __sfmoreglue
 .text.__sinit  0x000053ec       0x60 c:/siliconlabs/simplicitystudio/v4/developer/toolchains/gnu_arm/7.2_2017q4/bin/../lib/gcc/arm-none-eabi/7.2.1/../../../../arm-none-eabi/lib/thumb/v7-m\libc_nano.a(lib_a-findfp.o)
                0x000053ec                __sinit
 .text.__sfp    0x0000544c       0x78 c:/siliconlabs/simplicitystudio/v4/developer/toolchains/gnu_arm/7.2_2017q4/bin/../lib/gcc/arm-none-eabi/7.2.1/../../../../arm-none-eabi/lib/thumb/v7-m\libc_nano.a(lib_a-findfp.o)
                0x0000544c                __sfp
 .text._fwalk_reent
                0x000054c4       0x3c c:/siliconlabs/simplicitystudio/v4/developer/toolchains/gnu_arm/7.2_2017q4/bin/../lib/gcc/arm-none-eabi/7.2.1/../../../../arm-none-eabi/lib/thumb/v7-m\libc_nano.a(lib_a-fwalk.o)
                0x000054c4                _fwalk_reent
 .text._malloc_r
                0x00005500       0xb4 c:/siliconlabs/simplicitystudio/v4/developer/toolchains/gnu_arm/7.2_2017q4/bin/../lib/gcc/arm-none-eabi/7.2.1/../../../../arm-none-eabi/lib/thumb/v7-m\libc_nano.a(lib_a-nano-mallocr.o)
                0x00005500                _malloc_r
 .text.__sfputc_r
                0x000055b4       0x2a c:/siliconlabs/simplicitystudio/v4/developer/toolchains/gnu_arm/7.2_2017q4/bin/../lib/gcc/arm-none-eabi/7.2.1/../../../../arm-none-eabi/lib/thumb/v7-m\libc_nano.a(lib_a-nano-vfprintf.o)
 .text.__sfputs_r
                0x000055de       0x24 c:/siliconlabs/simplicitystudio/v4/developer/toolchains/gnu_arm/7.2_2017q4/bin/../lib/gcc/arm-none-eabi/7.2.1/../../../../arm-none-eabi/lib/thumb/v7-m\libc_nano.a(lib_a-nano-vfprintf.o)
                0x000055de                __sfputs_r
 *fill*         0x00005602        0x2 
 .text._vfprintf_r
                0x00005604      0x228 c:/siliconlabs/simplicitystudio/v4/developer/toolchains/gnu_arm/7.2_2017q4/bin/../lib/gcc/arm-none-eabi/7.2.1/../../../../arm-none-eabi/lib/thumb/v7-m\libc_nano.a(lib_a-nano-vfprintf.o)
                0x00005604                _vfprintf_r
                0x00005604                _vfiprintf_r
 .text._printf_common
                0x0000582c       0xec c:/siliconlabs/simplicitystudio/v4/developer/toolchains/gnu_arm/7.2_2017q4/bin/../lib/gcc/arm-none-eabi/7.2.1/../../../../arm-none-eabi/lib/thumb/v7-m\libc_nano.a(lib_a-nano-vfprintf_i.o)
                0x0000582c                _printf_common
 .text._printf_i
                0x00005918      0x224 c:/siliconlabs/simplicitystudio/v4/developer/toolchains/gnu_arm/7.2_2017q4/bin/../lib/gcc/arm-none-eabi/7.2.1/../../../../arm-none-eabi/lib/thumb/v7-m\libc_nano.a(lib_a-nano-vfprintf_i.o)
                0x00005918                _printf_i
 .text._sbrk_r  0x00005b3c       0x20 c:/siliconlabs/simplicitystudio/v4/developer/toolchains/gnu_arm/7.2_2017q4/bin/../lib/gcc/arm-none-eabi/7.2.1/../../../../arm-none-eabi/lib/thumb/v7-m\libc_nano.a(lib_a-sbrkr.o)
                0x00005b3c                _sbrk_r
 .text.__sread  0x00005b5c       0x22 c:/siliconlabs/simplicitystudio/v4/developer/toolchains/gnu_arm/7.2_2017q4/bin/../lib/gcc/arm-none-eabi/7.2.1/../../../../arm-none-eabi/lib/thumb/v7-m\libc_nano.a(lib_a-stdio.o)
                0x00005b5c                __sread
 .text.__swrite
                0x00005b7e       0x38 c:/siliconlabs/simplicitystudio/v4/developer/toolchains/gnu_arm/7.2_2017q4/bin/../lib/gcc/arm-none-eabi/7.2.1/../../../../arm-none-eabi/lib/thumb/v7-m\libc_nano.a(lib_a-stdio.o)
                0x00005b7e                __swrite
 .text.__sseek  0x00005bb6       0x24 c:/siliconlabs/simplicitystudio/v4/developer/toolchains/gnu_arm/7.2_2017q4/bin/../lib/gcc/arm-none-eabi/7.2.1/../../../../arm-none-eabi/lib/thumb/v7-m\libc_nano.a(lib_a-stdio.o)
                0x00005bb6                __sseek
 .text.__sclose
                0x00005bda        0x8 c:/siliconlabs/simplicitystudio/v4/developer/toolchains/gnu_arm/7.2_2017q4/bin/../lib/gcc/arm-none-eabi/7.2.1/../../../../arm-none-eabi/lib/thumb/v7-m\libc_nano.a(lib_a-stdio.o)
                0x00005bda                __sclose
 *fill*         0x00005be2        0x2 
 .text.__swbuf_r
                0x00005be4       0xa4 c:/siliconlabs/simplicitystudio/v4/developer/toolchains/gnu_arm/7.2_2017q4/bin/../lib/gcc/arm-none-eabi/7.2.1/../../../../arm-none-eabi/lib/thumb/v7-m\libc_nano.a(lib_a-wbuf.o)
                0x00005be4                __swbuf_r
 .text._write_r
                0x00005c88       0x24 c:/siliconlabs/simplicitystudio/v4/developer/toolchains/gnu_arm/7.2_2017q4/bin/../lib/gcc/arm-none-eabi/7.2.1/../../../../arm-none-eabi/lib/thumb/v7-m\libc_nano.a(lib_a-writer.o)
                0x00005c88                _write_r
 .text.__swsetup_r
                0x00005cac       0xdc c:/siliconlabs/simplicitystudio/v4/developer/toolchains/gnu_arm/7.2_2017q4/bin/../lib/gcc/arm-none-eabi/7.2.1/../../../../arm-none-eabi/lib/thumb/v7-m\libc_nano.a(lib_a-wsetup.o)
                0x00005cac                __swsetup_r
 .text._close_r
                0x00005d88       0x20 c:/siliconlabs/simplicitystudio/v4/developer/toolchains/gnu_arm/7.2_2017q4/bin/../lib/gcc/arm-none-eabi/7.2.1/../../../../arm-none-eabi/lib/thumb/v7-m\libc_nano.a(lib_a-closer.o)
                0x00005d88                _close_r
 .text.__sflush_r
                0x00005da8      0x10c c:/siliconlabs/simplicitystudio/v4/developer/toolchains/gnu_arm/7.2_2017q4/bin/../lib/gcc/arm-none-eabi/7.2.1/../../../../arm-none-eabi/lib/thumb/v7-m\libc_nano.a(lib_a-fflush.o)
                0x00005da8                __sflush_r
 .text._fflush_r
                0x00005eb4       0x54 c:/siliconlabs/simplicitystudio/v4/developer/toolchains/gnu_arm/7.2_2017q4/bin/../lib/gcc/arm-none-eabi/7.2.1/../../../../arm-none-eabi/lib/thumb/v7-m\libc_nano.a(lib_a-fflush.o)
                0x00005eb4                _fflush_r
 .text._lseek_r
                0x00005f08       0x24 c:/siliconlabs/simplicitystudio/v4/developer/toolchains/gnu_arm/7.2_2017q4/bin/../lib/gcc/arm-none-eabi/7.2.1/../../../../arm-none-eabi/lib/thumb/v7-m\libc_nano.a(lib_a-lseekr.o)
                0x00005f08                _lseek_r
 .text.__swhatbuf_r
                0x00005f2c       0x48 c:/siliconlabs/simplicitystudio/v4/developer/toolchains/gnu_arm/7.2_2017q4/bin/../lib/gcc/arm-none-eabi/7.2.1/../../../../arm-none-eabi/lib/thumb/v7-m\libc_nano.a(lib_a-makebuf.o)
                0x00005f2c                __swhatbuf_r
 .text.__smakebuf_r
                0x00005f74       0x80 c:/siliconlabs/simplicitystudio/v4/developer/toolchains/gnu_arm/7.2_2017q4/bin/../lib/gcc/arm-none-eabi/7.2.1/../../../../arm-none-eabi/lib/thumb/v7-m\libc_nano.a(lib_a-makebuf.o)
                0x00005f74                __smakebuf_r
 .text.memchr   0x00005ff4       0x1c c:/siliconlabs/simplicitystudio/v4/developer/toolchains/gnu_arm/7.2_2017q4/bin/../lib/gcc/arm-none-eabi/7.2.1/../../../../arm-none-eabi/lib/thumb/v7-m\libc_nano.a(lib_a-memchr-stub.o)
                0x00005ff4                memchr
 .text.__malloc_lock
                0x00006010        0x2 c:/siliconlabs/simplicitystudio/v4/developer/toolchains/gnu_arm/7.2_2017q4/bin/../lib/gcc/arm-none-eabi/7.2.1/../../../../arm-none-eabi/lib/thumb/v7-m\libc_nano.a(lib_a-mlock.o)
                0x00006010                __malloc_lock
 .text.__malloc_unlock
                0x00006012        0x2 c:/siliconlabs/simplicitystudio/v4/developer/toolchains/gnu_arm/7.2_2017q4/bin/../lib/gcc/arm-none-eabi/7.2.1/../../../../arm-none-eabi/lib/thumb/v7-m\libc_nano.a(lib_a-mlock.o)
                0x00006012                __malloc_unlock
 .text._free_r  0x00006014       0x98 c:/siliconlabs/simplicitystudio/v4/developer/toolchains/gnu_arm/7.2_2017q4/bin/../lib/gcc/arm-none-eabi/7.2.1/../../../../arm-none-eabi/lib/thumb/v7-m\libc_nano.a(lib_a-nano-freer.o)
                0x00006014                _free_r
 .text._read_r  0x000060ac       0x24 c:/siliconlabs/simplicitystudio/v4/developer/toolchains/gnu_arm/7.2_2017q4/bin/../lib/gcc/arm-none-eabi/7.2.1/../../../../arm-none-eabi/lib/thumb/v7-m\libc_nano.a(lib_a-readr.o)
                0x000060ac                _read_r
 .text._fstat_r
                0x000060d0       0x24 c:/siliconlabs/simplicitystudio/v4/developer/toolchains/gnu_arm/7.2_2017q4/bin/../lib/gcc/arm-none-eabi/7.2.1/../../../../arm-none-eabi/lib/thumb/v7-m\libc_nano.a(lib_a-fstatr.o)
                0x000060d0                _fstat_r
 .text._isatty_r
                0x000060f4       0x20 c:/siliconlabs/simplicitystudio/v4/developer/toolchains/gnu_arm/7.2_2017q4/bin/../lib/gcc/arm-none-eabi/7.2.1/../../../../arm-none-eabi/lib/thumb/v7-m\libc_nano.a(lib_a-isattyr.o)
                0x000060f4                _isatty_r
 .text._close   0x00006114       0x10 c:/siliconlabs/simplicitystudio/v4/developer/toolchains/gnu_arm/7.2_2017q4/bin/../lib/gcc/arm-none-eabi/7.2.1/../../../../arm-none-eabi/lib/thumb/v7-m\libnosys.a(close.o)
                0x00006114                _close
 .text._fstat   0x00006124       0x10 c:/siliconlabs/simplicitystudio/v4/developer/toolchains/gnu_arm/7.2_2017q4/bin/../lib/gcc/arm-none-eabi/7.2.1/../../../../arm-none-eabi/lib/thumb/v7-m\libnosys.a(fstat.o)
                0x00006124                _fstat
 .text._isatty  0x00006134       0x10 c:/siliconlabs/simplicitystudio/v4/developer/toolchains/gnu_arm/7.2_2017q4/bin/../lib/gcc/arm-none-eabi/7.2.1/../../../../arm-none-eabi/lib/thumb/v7-m\libnosys.a(isatty.o)
                0x00006134                _isatty
 .text._lseek   0x00006144       0x10 c:/siliconlabs/simplicitystudio/v4/developer/toolchains/gnu_arm/7.2_2017q4/bin/../lib/gcc/arm-none-eabi/7.2.1/../../../../arm-none-eabi/lib/thumb/v7-m\libnosys.a(lseek.o)
                0x00006144                _lseek
 .text._read    0x00006154       0x10 c:/siliconlabs/simplicitystudio/v4/developer/toolchains/gnu_arm/7.2_2017q4/bin/../lib/gcc/arm-none-eabi/7.2.1/../../../../arm-none-eabi/lib/thumb/v7-m\libnosys.a(read.o)
                0x00006154                _read
 .text._sbrk    0x00006164       0x1c c:/siliconlabs/simplicitystudio/v4/developer/toolchains/gnu_arm/7.2_2017q4/bin/../lib/gcc/arm-none-eabi/7.2.1/../../../../arm-none-eabi/lib/thumb/v7-m\libnosys.a(sbrk.o)
                0x00006164                _sbrk
 .text._exit    0x00006180        0x4 c:/siliconlabs/simplicitystudio/v4/developer/toolchains/gnu_arm/7.2_2017q4/bin/../lib/gcc/arm-none-eabi/7.2.1/../../../../arm-none-eabi/lib/thumb/v7-m\libnosys.a(_exit.o)
                0x00006180                _exit
 *(.init)
 .init          0x00006184        0x4 c:/siliconlabs/simplicitystudio/v4/developer/toolchains/gnu_arm/7.2_2017q4/bin/../lib/gcc/arm-none-eabi/7.2.1/thumb/v7-m/crti.o
                0x00006184                _init
 .init          0x00006188        0x8 c:/siliconlabs/simplicitystudio/v4/developer/toolchains/gnu_arm/7.2_2017q4/bin/../lib/gcc/arm-none-eabi/7.2.1/thumb/v7-m/crtn.o
 *(.fini)
 .fini          0x00006190        0x4 c:/siliconlabs/simplicitystudio/v4/developer/toolchains/gnu_arm/7.2_2017q4/bin/../lib/gcc/arm-none-eabi/7.2.1/thumb/v7-m/crti.o
                0x00006190                _fini
 .fini          0x00006194        0x8 c:/siliconlabs/simplicitystudio/v4/developer/toolchains/gnu_arm/7.2_2017q4/bin/../lib/gcc/arm-none-eabi/7.2.1/thumb/v7-m/crtn.o
 *crtbegin.o(.ctors)
 *crtbegin?.o(.ctors)
 *(EXCLUDE_FILE(*crtend.o *crtend?.o) .ctors)
 *(SORT_BY_NAME(.ctors.*))
 *(.ctors)
 *crtbegin.o(.dtors)
 *crtbegin?.o(.dtors)
 *(EXCLUDE_FILE(*crtend.o *crtend?.o) .dtors)
 *(SORT_BY_NAME(.dtors.*))
 *(.dtors)
 *(.rodata*)
 .rodata        0x0000619c       0x64 ./BSP/bsp_stk_leds.o
 .rodata.ledArray
                0x00006200       0x10 ./BSP/bsp_stk_leds.o
 .rodata        0x00006210       0x13 ./Drivers/sleep.o
 *fill*         0x00006223        0x1 
 .rodata        0x00006224       0x1d ./FreeRTOS/efm32gg/heap_1.o
 *fill*         0x00006241        0x3 
 .rodata        0x00006244       0x1f ./FreeRTOS/efm32gg/port_gcc.o
 *fill*         0x00006263        0x1 
 .rodata        0x00006264       0x1c ./FreeRTOS/efm32gg/queue.o
 .rodata        0x00006280       0x21 ./FreeRTOS/efm32gg/tasks.o
 *fill*         0x000062a1        0x3 
 .rodata        0x000062a4       0x2d ./FreeRTOS/efm32gg/timers.o
 *fill*         0x000062d1        0x3 
 .rodata        0x000062d4       0x14 ./emlib/em_burtc.o
 .rodata        0x000062e8       0xde ./emlib/em_cmu.o
 *fill*         0x000063c6        0x2 
 .rodata        0x000063c8       0x77 ./emlib/em_gpio.o
 *fill*         0x0000643f        0x1 
 .rodata.i2cNSum
                0x00006440        0x4 ./emlib/em_i2c.o
 .rodata        0x00006444       0x12 ./emlib/em_i2c.o
 *fill*         0x00006456        0x2 
 .rodata        0x00006458       0x15 ./emlib/em_system.o
 *fill*         0x0000646d        0x3 
 .rodata        0x00006470       0x1b ./src/bsp_i2c.o
 *fill*         0x0000648b        0x1 
 .rodata        0x0000648c       0x14 ./src/low_power_tick_management.o
 .rodata        0x000064a0       0x3a ./src/main.o
 *fill*         0x000064da        0x2 
 .rodata._global_impure_ptr
                0x000064dc        0x4 c:/siliconlabs/simplicitystudio/v4/developer/toolchains/gnu_arm/7.2_2017q4/bin/../lib/gcc/arm-none-eabi/7.2.1/../../../../arm-none-eabi/lib/thumb/v7-m\libc_nano.a(lib_a-impure.o)
                0x000064dc                _global_impure_ptr
 .rodata.__sf_fake_stderr
                0x000064e0       0x20 c:/siliconlabs/simplicitystudio/v4/developer/toolchains/gnu_arm/7.2_2017q4/bin/../lib/gcc/arm-none-eabi/7.2.1/../../../../arm-none-eabi/lib/thumb/v7-m\libc_nano.a(lib_a-findfp.o)
                0x000064e0                __sf_fake_stderr
 .rodata.__sf_fake_stdin
                0x00006500       0x20 c:/siliconlabs/simplicitystudio/v4/developer/toolchains/gnu_arm/7.2_2017q4/bin/../lib/gcc/arm-none-eabi/7.2.1/../../../../arm-none-eabi/lib/thumb/v7-m\libc_nano.a(lib_a-findfp.o)
                0x00006500                __sf_fake_stdin
 .rodata.__sf_fake_stdout
                0x00006520       0x20 c:/siliconlabs/simplicitystudio/v4/developer/toolchains/gnu_arm/7.2_2017q4/bin/../lib/gcc/arm-none-eabi/7.2.1/../../../../arm-none-eabi/lib/thumb/v7-m\libc_nano.a(lib_a-findfp.o)
                0x00006520                __sf_fake_stdout
 .rodata._vfprintf_r.str1.1
                0x00006540       0x11 c:/siliconlabs/simplicitystudio/v4/developer/toolchains/gnu_arm/7.2_2017q4/bin/../lib/gcc/arm-none-eabi/7.2.1/../../../../arm-none-eabi/lib/thumb/v7-m\libc_nano.a(lib_a-nano-vfprintf.o)
 .rodata._printf_i.str1.1
                0x00006551       0x22 c:/siliconlabs/simplicitystudio/v4/developer/toolchains/gnu_arm/7.2_2017q4/bin/../lib/gcc/arm-none-eabi/7.2.1/../../../../arm-none-eabi/lib/thumb/v7-m\libc_nano.a(lib_a-nano-vfprintf_i.o)
 *(.eh_frame*)
 *fill*         0x00006573        0x1 
 .eh_frame      0x00006574        0x0 c:/siliconlabs/simplicitystudio/v4/developer/toolchains/gnu_arm/7.2_2017q4/bin/../lib/gcc/arm-none-eabi/7.2.1/thumb/v7-m/crtbegin.o
 .eh_frame      0x00006574        0x4 c:/siliconlabs/simplicitystudio/v4/developer/toolchains/gnu_arm/7.2_2017q4/bin/../lib/gcc/arm-none-eabi/7.2.1/thumb/v7-m/crtend.o

.glue_7         0x00006578        0x0
 .glue_7        0x00006578        0x0 linker stubs

.glue_7t        0x00006578        0x0
 .glue_7t       0x00006578        0x0 linker stubs

.vfp11_veneer   0x00006578        0x0
 .vfp11_veneer  0x00006578        0x0 linker stubs

.v4_bx          0x00006578        0x0
 .v4_bx         0x00006578        0x0 linker stubs

.iplt           0x00006578        0x0
 .iplt          0x00006578        0x0 c:/siliconlabs/simplicitystudio/v4/developer/toolchains/gnu_arm/7.2_2017q4/bin/../lib/gcc/arm-none-eabi/7.2.1/thumb/v7-m/crtbegin.o

.ARM.extab
 *(.ARM.extab* .gnu.linkonce.armextab.*)
                0x00006578                __exidx_start = .

.ARM.exidx      0x00006578        0x8
 *(.ARM.exidx* .gnu.linkonce.armexidx.*)
 .ARM.exidx     0x00006578        0x8 c:/siliconlabs/simplicitystudio/v4/developer/toolchains/gnu_arm/7.2_2017q4/bin/../lib/gcc/arm-none-eabi/7.2.1/../../../../arm-none-eabi/lib/thumb/v7-m/crt0.o
                0x00006580                __exidx_end = .
                0x00006580                __etext = .

.rel.dyn        0x00006580        0x0
 .rel.iplt      0x00006580        0x0 c:/siliconlabs/simplicitystudio/v4/developer/toolchains/gnu_arm/7.2_2017q4/bin/../lib/gcc/arm-none-eabi/7.2.1/thumb/v7-m/crtbegin.o

.data           0x20000000       0x7c load address 0x00006580
                0x20000000                __data_start__ = .
 *(vtable)
 *(.data*)
 .data.SystemHFXOClock
                0x20000000        0x4 ./CMSIS/EFM32GG/system_efm32gg.o
 .data.SystemLFXOClock
                0x20000004        0x4 ./CMSIS/EFM32GG/system_efm32gg.o
 .data.SystemCoreClock
                0x20000008        0x4 ./CMSIS/EFM32GG/system_efm32gg.o
                0x20000008                SystemCoreClock
 .data.uxCriticalNesting
                0x2000000c        0x4 ./FreeRTOS/efm32gg/port_gcc.o
 .data._impure_ptr
                0x20000010        0x4 c:/siliconlabs/simplicitystudio/v4/developer/toolchains/gnu_arm/7.2_2017q4/bin/../lib/gcc/arm-none-eabi/7.2.1/../../../../arm-none-eabi/lib/thumb/v7-m\libc_nano.a(lib_a-impure.o)
                0x20000010                _impure_ptr
 .data.impure_data
                0x20000014       0x60 c:/siliconlabs/simplicitystudio/v4/developer/toolchains/gnu_arm/7.2_2017q4/bin/../lib/gcc/arm-none-eabi/7.2.1/../../../../arm-none-eabi/lib/thumb/v7-m\libc_nano.a(lib_a-impure.o)
                0x20000074                . = ALIGN (0x4)
                [!provide]                PROVIDE (__ram_func_section_start, .)
 *(.ram)
                [!provide]                PROVIDE (__ram_func_section_end, .)
                0x20000074                . = ALIGN (0x4)
                0x20000074                PROVIDE (__preinit_array_start, .)
 *(.preinit_array)
                0x20000074                PROVIDE (__preinit_array_end, .)
                0x20000074                . = ALIGN (0x4)
                0x20000074                PROVIDE (__init_array_start, .)
 *(SORT_BY_NAME(.init_array.*))
 *(.init_array)
 .init_array    0x20000074        0x4 c:/siliconlabs/simplicitystudio/v4/developer/toolchains/gnu_arm/7.2_2017q4/bin/../lib/gcc/arm-none-eabi/7.2.1/thumb/v7-m/crtbegin.o
                0x20000078                PROVIDE (__init_array_end, .)
                0x20000078                . = ALIGN (0x4)
                [!provide]                PROVIDE (__fini_array_start, .)
 *(SORT_BY_NAME(.fini_array.*))
 *(.fini_array)
 .fini_array    0x20000078        0x4 c:/siliconlabs/simplicitystudio/v4/developer/toolchains/gnu_arm/7.2_2017q4/bin/../lib/gcc/arm-none-eabi/7.2.1/thumb/v7-m/crtbegin.o
                [!provide]                PROVIDE (__fini_array_end, .)
 *(.jcr*)
                0x2000007c                . = ALIGN (0x4)
                0x2000007c                __data_end__ = .

.igot.plt       0x2000007c        0x0 load address 0x000065fc
 .igot.plt      0x2000007c        0x0 c:/siliconlabs/simplicitystudio/v4/developer/toolchains/gnu_arm/7.2_2017q4/bin/../lib/gcc/arm-none-eabi/7.2.1/thumb/v7-m/crtbegin.o

.bss            0x2000007c     0x2500 load address 0x000065fc
                0x2000007c                . = ALIGN (0x4)
                0x2000007c                __bss_start__ = .
 *(.bss*)
 .bss           0x2000007c       0x1c c:/siliconlabs/simplicitystudio/v4/developer/toolchains/gnu_arm/7.2_2017q4/bin/../lib/gcc/arm-none-eabi/7.2.1/thumb/v7-m/crtbegin.o
 .bss.sleepContext
                0x20000098        0xc ./Drivers/sleep.o
 .bss.sleepBlockCnt
                0x200000a4        0x2 ./Drivers/sleep.o
 *fill*         0x200000a6        0x2 
 .bss.ucHeap    0x200000a8     0x2328 ./FreeRTOS/efm32gg/heap_1.o
 .bss.xNextFreeByte
                0x200023d0        0x4 ./FreeRTOS/efm32gg/heap_1.o
 .bss.pucAlignedHeap.4479
                0x200023d4        0x4 ./FreeRTOS/efm32gg/heap_1.o
 .bss.ucMaxSysCallPriority
                0x200023d8        0x1 ./FreeRTOS/efm32gg/port_gcc.o
 *fill*         0x200023d9        0x3 
 .bss.ulMaxPRIGROUPValue
                0x200023dc        0x4 ./FreeRTOS/efm32gg/port_gcc.o
 .bss.pxCurrentTCB
                0x200023e0        0x4 ./FreeRTOS/efm32gg/tasks.o
                0x200023e0                pxCurrentTCB
 .bss.pxReadyTasksLists
                0x200023e4       0x3c ./FreeRTOS/efm32gg/tasks.o
 .bss.xDelayedTaskList1
                0x20002420       0x14 ./FreeRTOS/efm32gg/tasks.o
 .bss.xDelayedTaskList2
                0x20002434       0x14 ./FreeRTOS/efm32gg/tasks.o
 .bss.pxDelayedTaskList
                0x20002448        0x4 ./FreeRTOS/efm32gg/tasks.o
 .bss.pxOverflowDelayedTaskList
                0x2000244c        0x4 ./FreeRTOS/efm32gg/tasks.o
 .bss.xPendingReadyList
                0x20002450       0x14 ./FreeRTOS/efm32gg/tasks.o
 .bss.xTasksWaitingTermination
                0x20002464       0x14 ./FreeRTOS/efm32gg/tasks.o
 .bss.uxDeletedTasksWaitingCleanUp
                0x20002478        0x4 ./FreeRTOS/efm32gg/tasks.o
 .bss.xSuspendedTaskList
                0x2000247c       0x14 ./FreeRTOS/efm32gg/tasks.o
 .bss.uxCurrentNumberOfTasks
                0x20002490        0x4 ./FreeRTOS/efm32gg/tasks.o
 .bss.xTickCount
                0x20002494        0x4 ./FreeRTOS/efm32gg/tasks.o
 .bss.uxTopReadyPriority
                0x20002498        0x4 ./FreeRTOS/efm32gg/tasks.o
 .bss.xSchedulerRunning
                0x2000249c        0x4 ./FreeRTOS/efm32gg/tasks.o
 .bss.uxPendedTicks
                0x200024a0        0x4 ./FreeRTOS/efm32gg/tasks.o
 .bss.xYieldPending
                0x200024a4        0x4 ./FreeRTOS/efm32gg/tasks.o
 .bss.xNumOfOverflows
                0x200024a8        0x4 ./FreeRTOS/efm32gg/tasks.o
 .bss.uxTaskNumber
                0x200024ac        0x4 ./FreeRTOS/efm32gg/tasks.o
 .bss.xNextTaskUnblockTime
                0x200024b0        0x4 ./FreeRTOS/efm32gg/tasks.o
 .bss.xIdleTaskHandle
                0x200024b4        0x4 ./FreeRTOS/efm32gg/tasks.o
 .bss.uxSchedulerSuspended
                0x200024b8        0x4 ./FreeRTOS/efm32gg/tasks.o
 .bss.xActiveTimerList1
                0x200024bc       0x14 ./FreeRTOS/efm32gg/timers.o
 .bss.xActiveTimerList2
                0x200024d0       0x14 ./FreeRTOS/efm32gg/timers.o
 .bss.pxCurrentTimerList
                0x200024e4        0x4 ./FreeRTOS/efm32gg/timers.o
 .bss.pxOverflowTimerList
                0x200024e8        0x4 ./FreeRTOS/efm32gg/timers.o
 .bss.xTimerQueue
                0x200024ec        0x4 ./FreeRTOS/efm32gg/timers.o
 .bss.xTimerTaskHandle
                0x200024f0        0x4 ./FreeRTOS/efm32gg/timers.o
 .bss.xLastTime.4762
                0x200024f4        0x4 ./FreeRTOS/efm32gg/timers.o
 .bss.cmuStatus.5801
                0x200024f8        0x4 ./emlib/em_emu.o
 .bss.hfClock.5802
                0x200024fc        0x1 ./emlib/em_emu.o
 *fill*         0x200024fd        0x3 
 .bss.i2cTransfer
                0x20002500       0x18 ./emlib/em_i2c.o
 .bss.device_addr
                0x20002518        0x1 ./src/bsp_i2c.o
 *fill*         0x20002519        0x3 
 .bss.__malloc_free_list
                0x2000251c        0x4 c:/siliconlabs/simplicitystudio/v4/developer/toolchains/gnu_arm/7.2_2017q4/bin/../lib/gcc/arm-none-eabi/7.2.1/../../../../arm-none-eabi/lib/thumb/v7-m\libc_nano.a(lib_a-nano-mallocr.o)
                0x2000251c                __malloc_free_list
 .bss.__malloc_sbrk_start
                0x20002520        0x4 c:/siliconlabs/simplicitystudio/v4/developer/toolchains/gnu_arm/7.2_2017q4/bin/../lib/gcc/arm-none-eabi/7.2.1/../../../../arm-none-eabi/lib/thumb/v7-m\libc_nano.a(lib_a-nano-mallocr.o)
                0x20002520                __malloc_sbrk_start
 .bss.heap_end.4102
                0x20002524        0x4 c:/siliconlabs/simplicitystudio/v4/developer/toolchains/gnu_arm/7.2_2017q4/bin/../lib/gcc/arm-none-eabi/7.2.1/../../../../arm-none-eabi/lib/thumb/v7-m\libnosys.a(sbrk.o)
 *(COMMON)
 COMMON         0x20002528       0x50 ./FreeRTOS/efm32gg/queue.o
                0x20002528                xQueueRegistry
 COMMON         0x20002578        0x4 c:/siliconlabs/simplicitystudio/v4/developer/toolchains/gnu_arm/7.2_2017q4/bin/../lib/gcc/arm-none-eabi/7.2.1/../../../../arm-none-eabi/lib/thumb/v7-m\libc_nano.a(lib_a-reent.o)
                0x20002578                errno
                0x2000257c                . = ALIGN (0x4)
                0x2000257c                __bss_end__ = .

.heap           0x20002580      0xc00
                0x20002580                __HeapBase = .
                0x20002580                __end__ = .
                0x20002580                end = __end__
                0x20002580                _end = __end__
 *(.heap*)
 .heap          0x20002580      0xc00 ./CMSIS/EFM32GG/startup_gcc_efm32gg.o
                0x20003180                __HeapLimit = .

.stack_dummy    0x20002580      0x400
 *(.stack*)
 .stack         0x20002580      0x400 ./CMSIS/EFM32GG/startup_gcc_efm32gg.o
                0x20020000                __StackTop = (ORIGIN (RAM) + LENGTH (RAM))
                0x2001fc00                __StackLimit = (__StackTop - SIZEOF (.stack_dummy))
                0x20020000                PROVIDE (__stack, __StackTop)
                0x00000001                ASSERT ((__StackLimit >= __HeapLimit), region RAM overflowed with stack)
                0x00000001                ASSERT ((LENGTH (FLASH) >= (__etext + SIZEOF (.data))), FLASH memory overflowed !)
OUTPUT(EFM32_Base-main.axf elf32-littlearm)

.ARM.attributes
                0x00000000       0x29
 .ARM.attributes
                0x00000000       0x1d c:/siliconlabs/simplicitystudio/v4/developer/toolchains/gnu_arm/7.2_2017q4/bin/../lib/gcc/arm-none-eabi/7.2.1/thumb/v7-m/crti.o
 .ARM.attributes
                0x0000001d       0x2d c:/siliconlabs/simplicitystudio/v4/developer/toolchains/gnu_arm/7.2_2017q4/bin/../lib/gcc/arm-none-eabi/7.2.1/thumb/v7-m/crtbegin.o
 .ARM.attributes
                0x0000004a       0x1b c:/siliconlabs/simplicitystudio/v4/developer/toolchains/gnu_arm/7.2_2017q4/bin/../lib/gcc/arm-none-eabi/7.2.1/../../../../arm-none-eabi/lib/thumb/v7-m/crt0.o
 .ARM.attributes
                0x00000065       0x33 ./BSP/bsp_stk_leds.o
 .ARM.attributes
                0x00000098       0x33 ./BSP/bsp_trace.o
 .ARM.attributes
                0x000000cb       0x1b ./CMSIS/EFM32GG/startup_gcc_efm32gg.o
 .ARM.attributes
                0x000000e6       0x33 ./CMSIS/EFM32GG/system_efm32gg.o
 .ARM.attributes
                0x00000119       0x33 ./Drivers/sleep.o
 .ARM.attributes
                0x0000014c       0x33 ./FreeRTOS/efm32gg/heap_1.o
 .ARM.attributes
                0x0000017f       0x33 ./FreeRTOS/efm32gg/list.o
 .ARM.attributes
                0x000001b2       0x33 ./FreeRTOS/efm32gg/port_gcc.o
 .ARM.attributes
                0x000001e5       0x33 ./FreeRTOS/efm32gg/queue.o
 .ARM.attributes
                0x00000218       0x33 ./FreeRTOS/efm32gg/tasks.o
 .ARM.attributes
                0x0000024b       0x33 ./FreeRTOS/efm32gg/timers.o
 .ARM.attributes
                0x0000027e       0x33 ./emlib/em_assert.o
 .ARM.attributes
                0x000002b1       0x33 ./emlib/em_burtc.o
 .ARM.attributes
                0x000002e4       0x33 ./emlib/em_cmu.o
 .ARM.attributes
                0x00000317       0x33 ./emlib/em_core.o
 .ARM.attributes
                0x0000034a       0x33 ./emlib/em_emu.o
 .ARM.attributes
                0x0000037d       0x33 ./emlib/em_gpio.o
 .ARM.attributes
                0x000003b0       0x33 ./emlib/em_i2c.o
 .ARM.attributes
                0x000003e3       0x33 ./emlib/em_rmu.o
 .ARM.attributes
                0x00000416       0x33 ./emlib/em_system.o
 .ARM.attributes
                0x00000449       0x33 ./src/APDS9960.o
 .ARM.attributes
                0x0000047c       0x33 ./src/bsp_i2c.o
 .ARM.attributes
                0x000004af       0x33 ./src/helper_functions.o
 .ARM.attributes
                0x000004e2       0x33 ./src/low_power_tick_management.o
 .ARM.attributes
                0x00000515       0x33 ./src/main.o
 .ARM.attributes
                0x00000548       0x2d c:/siliconlabs/simplicitystudio/v4/developer/toolchains/gnu_arm/7.2_2017q4/bin/../lib/gcc/arm-none-eabi/7.2.1/../../../../arm-none-eabi/lib/thumb/v7-m\libc_nano.a(lib_a-exit.o)
 .ARM.attributes
                0x00000575       0x2d c:/siliconlabs/simplicitystudio/v4/developer/toolchains/gnu_arm/7.2_2017q4/bin/../lib/gcc/arm-none-eabi/7.2.1/../../../../arm-none-eabi/lib/thumb/v7-m\libc_nano.a(lib_a-impure.o)
 .ARM.attributes
                0x000005a2       0x2d c:/siliconlabs/simplicitystudio/v4/developer/toolchains/gnu_arm/7.2_2017q4/bin/../lib/gcc/arm-none-eabi/7.2.1/../../../../arm-none-eabi/lib/thumb/v7-m\libc_nano.a(lib_a-init.o)
 .ARM.attributes
                0x000005cf       0x2d c:/siliconlabs/simplicitystudio/v4/developer/toolchains/gnu_arm/7.2_2017q4/bin/../lib/gcc/arm-none-eabi/7.2.1/../../../../arm-none-eabi/lib/thumb/v7-m\libc_nano.a(lib_a-memcpy-stub.o)
 .ARM.attributes
                0x000005fc       0x2d c:/siliconlabs/simplicitystudio/v4/developer/toolchains/gnu_arm/7.2_2017q4/bin/../lib/gcc/arm-none-eabi/7.2.1/../../../../arm-none-eabi/lib/thumb/v7-m\libc_nano.a(lib_a-memset.o)
 .ARM.attributes
                0x00000629       0x2d c:/siliconlabs/simplicitystudio/v4/developer/toolchains/gnu_arm/7.2_2017q4/bin/../lib/gcc/arm-none-eabi/7.2.1/../../../../arm-none-eabi/lib/thumb/v7-m\libc_nano.a(lib_a-printf.o)
 .ARM.attributes
                0x00000656       0x2d c:/siliconlabs/simplicitystudio/v4/developer/toolchains/gnu_arm/7.2_2017q4/bin/../lib/gcc/arm-none-eabi/7.2.1/../../../../arm-none-eabi/lib/thumb/v7-m\libc_nano.a(lib_a-findfp.o)
 .ARM.attributes
                0x00000683       0x2d c:/siliconlabs/simplicitystudio/v4/developer/toolchains/gnu_arm/7.2_2017q4/bin/../lib/gcc/arm-none-eabi/7.2.1/../../../../arm-none-eabi/lib/thumb/v7-m\libc_nano.a(lib_a-fwalk.o)
 .ARM.attributes
                0x000006b0       0x2d c:/siliconlabs/simplicitystudio/v4/developer/toolchains/gnu_arm/7.2_2017q4/bin/../lib/gcc/arm-none-eabi/7.2.1/../../../../arm-none-eabi/lib/thumb/v7-m\libc_nano.a(lib_a-nano-mallocr.o)
 .ARM.attributes
                0x000006dd       0x2d c:/siliconlabs/simplicitystudio/v4/developer/toolchains/gnu_arm/7.2_2017q4/bin/../lib/gcc/arm-none-eabi/7.2.1/../../../../arm-none-eabi/lib/thumb/v7-m\libc_nano.a(lib_a-nano-vfprintf.o)
 .ARM.attributes
                0x0000070a       0x2d c:/siliconlabs/simplicitystudio/v4/developer/toolchains/gnu_arm/7.2_2017q4/bin/../lib/gcc/arm-none-eabi/7.2.1/../../../../arm-none-eabi/lib/thumb/v7-m\libc_nano.a(lib_a-nano-vfprintf_i.o)
 .ARM.attributes
                0x00000737       0x2d c:/siliconlabs/simplicitystudio/v4/developer/toolchains/gnu_arm/7.2_2017q4/bin/../lib/gcc/arm-none-eabi/7.2.1/../../../../arm-none-eabi/lib/thumb/v7-m\libc_nano.a(lib_a-sbrkr.o)
 .ARM.attributes
                0x00000764       0x2d c:/siliconlabs/simplicitystudio/v4/developer/toolchains/gnu_arm/7.2_2017q4/bin/../lib/gcc/arm-none-eabi/7.2.1/../../../../arm-none-eabi/lib/thumb/v7-m\libc_nano.a(lib_a-stdio.o)
 .ARM.attributes
                0x00000791       0x2d c:/siliconlabs/simplicitystudio/v4/developer/toolchains/gnu_arm/7.2_2017q4/bin/../lib/gcc/arm-none-eabi/7.2.1/../../../../arm-none-eabi/lib/thumb/v7-m\libc_nano.a(lib_a-wbuf.o)
 .ARM.attributes
                0x000007be       0x2d c:/siliconlabs/simplicitystudio/v4/developer/toolchains/gnu_arm/7.2_2017q4/bin/../lib/gcc/arm-none-eabi/7.2.1/../../../../arm-none-eabi/lib/thumb/v7-m\libc_nano.a(lib_a-writer.o)
 .ARM.attributes
                0x000007eb       0x2d c:/siliconlabs/simplicitystudio/v4/developer/toolchains/gnu_arm/7.2_2017q4/bin/../lib/gcc/arm-none-eabi/7.2.1/../../../../arm-none-eabi/lib/thumb/v7-m\libc_nano.a(lib_a-wsetup.o)
 .ARM.attributes
                0x00000818       0x2d c:/siliconlabs/simplicitystudio/v4/developer/toolchains/gnu_arm/7.2_2017q4/bin/../lib/gcc/arm-none-eabi/7.2.1/../../../../arm-none-eabi/lib/thumb/v7-m\libc_nano.a(lib_a-closer.o)
 .ARM.attributes
                0x00000845       0x2d c:/siliconlabs/simplicitystudio/v4/developer/toolchains/gnu_arm/7.2_2017q4/bin/../lib/gcc/arm-none-eabi/7.2.1/../../../../arm-none-eabi/lib/thumb/v7-m\libc_nano.a(lib_a-fflush.o)
 .ARM.attributes
                0x00000872       0x2d c:/siliconlabs/simplicitystudio/v4/developer/toolchains/gnu_arm/7.2_2017q4/bin/../lib/gcc/arm-none-eabi/7.2.1/../../../../arm-none-eabi/lib/thumb/v7-m\libc_nano.a(lib_a-lseekr.o)
 .ARM.attributes
                0x0000089f       0x2d c:/siliconlabs/simplicitystudio/v4/developer/toolchains/gnu_arm/7.2_2017q4/bin/../lib/gcc/arm-none-eabi/7.2.1/../../../../arm-none-eabi/lib/thumb/v7-m\libc_nano.a(lib_a-makebuf.o)
 .ARM.attributes
                0x000008cc       0x2d c:/siliconlabs/simplicitystudio/v4/developer/toolchains/gnu_arm/7.2_2017q4/bin/../lib/gcc/arm-none-eabi/7.2.1/../../../../arm-none-eabi/lib/thumb/v7-m\libc_nano.a(lib_a-memchr-stub.o)
 .ARM.attributes
                0x000008f9       0x2d c:/siliconlabs/simplicitystudio/v4/developer/toolchains/gnu_arm/7.2_2017q4/bin/../lib/gcc/arm-none-eabi/7.2.1/../../../../arm-none-eabi/lib/thumb/v7-m\libc_nano.a(lib_a-mlock.o)
 .ARM.attributes
                0x00000926       0x2d c:/siliconlabs/simplicitystudio/v4/developer/toolchains/gnu_arm/7.2_2017q4/bin/../lib/gcc/arm-none-eabi/7.2.1/../../../../arm-none-eabi/lib/thumb/v7-m\libc_nano.a(lib_a-nano-freer.o)
 .ARM.attributes
                0x00000953       0x2d c:/siliconlabs/simplicitystudio/v4/developer/toolchains/gnu_arm/7.2_2017q4/bin/../lib/gcc/arm-none-eabi/7.2.1/../../../../arm-none-eabi/lib/thumb/v7-m\libc_nano.a(lib_a-readr.o)
 .ARM.attributes
                0x00000980       0x2d c:/siliconlabs/simplicitystudio/v4/developer/toolchains/gnu_arm/7.2_2017q4/bin/../lib/gcc/arm-none-eabi/7.2.1/../../../../arm-none-eabi/lib/thumb/v7-m\libc_nano.a(lib_a-reent.o)
 .ARM.attributes
                0x000009ad       0x2d c:/siliconlabs/simplicitystudio/v4/developer/toolchains/gnu_arm/7.2_2017q4/bin/../lib/gcc/arm-none-eabi/7.2.1/../../../../arm-none-eabi/lib/thumb/v7-m\libc_nano.a(lib_a-fstatr.o)
 .ARM.attributes
                0x000009da       0x2d c:/siliconlabs/simplicitystudio/v4/developer/toolchains/gnu_arm/7.2_2017q4/bin/../lib/gcc/arm-none-eabi/7.2.1/../../../../arm-none-eabi/lib/thumb/v7-m\libc_nano.a(lib_a-isattyr.o)
 .ARM.attributes
                0x00000a07       0x2d c:/siliconlabs/simplicitystudio/v4/developer/toolchains/gnu_arm/7.2_2017q4/bin/../lib/gcc/arm-none-eabi/7.2.1/../../../../arm-none-eabi/lib/thumb/v7-m\libnosys.a(close.o)
 .ARM.attributes
                0x00000a34       0x2d c:/siliconlabs/simplicitystudio/v4/developer/toolchains/gnu_arm/7.2_2017q4/bin/../lib/gcc/arm-none-eabi/7.2.1/../../../../arm-none-eabi/lib/thumb/v7-m\libnosys.a(fstat.o)
 .ARM.attributes
                0x00000a61       0x2d c:/siliconlabs/simplicitystudio/v4/developer/toolchains/gnu_arm/7.2_2017q4/bin/../lib/gcc/arm-none-eabi/7.2.1/../../../../arm-none-eabi/lib/thumb/v7-m\libnosys.a(isatty.o)
 .ARM.attributes
                0x00000a8e       0x2d c:/siliconlabs/simplicitystudio/v4/developer/toolchains/gnu_arm/7.2_2017q4/bin/../lib/gcc/arm-none-eabi/7.2.1/../../../../arm-none-eabi/lib/thumb/v7-m\libnosys.a(lseek.o)
 .ARM.attributes
                0x00000abb       0x2d c:/siliconlabs/simplicitystudio/v4/developer/toolchains/gnu_arm/7.2_2017q4/bin/../lib/gcc/arm-none-eabi/7.2.1/../../../../arm-none-eabi/lib/thumb/v7-m\libnosys.a(read.o)
 .ARM.attributes
                0x00000ae8       0x2d c:/siliconlabs/simplicitystudio/v4/developer/toolchains/gnu_arm/7.2_2017q4/bin/../lib/gcc/arm-none-eabi/7.2.1/../../../../arm-none-eabi/lib/thumb/v7-m\libnosys.a(sbrk.o)
 .ARM.attributes
                0x00000b15       0x2d c:/siliconlabs/simplicitystudio/v4/developer/toolchains/gnu_arm/7.2_2017q4/bin/../lib/gcc/arm-none-eabi/7.2.1/../../../../arm-none-eabi/lib/thumb/v7-m\libnosys.a(_exit.o)
 .ARM.attributes
                0x00000b42       0x2d c:/siliconlabs/simplicitystudio/v4/developer/toolchains/gnu_arm/7.2_2017q4/bin/../lib/gcc/arm-none-eabi/7.2.1/thumb/v7-m/crtend.o
 .ARM.attributes
                0x00000b6f       0x1d c:/siliconlabs/simplicitystudio/v4/developer/toolchains/gnu_arm/7.2_2017q4/bin/../lib/gcc/arm-none-eabi/7.2.1/thumb/v7-m/crtn.o

.comment        0x00000000       0x7e
 .comment       0x00000000       0x7e ./BSP/bsp_stk_leds.o
                                 0x7f (size before relaxing)
 .comment       0x0000007e       0x7f ./BSP/bsp_trace.o
 .comment       0x0000007e       0x7f ./CMSIS/EFM32GG/system_efm32gg.o
 .comment       0x0000007e       0x7f ./Drivers/sleep.o
 .comment       0x0000007e       0x7f ./FreeRTOS/efm32gg/heap_1.o
 .comment       0x0000007e       0x7f ./FreeRTOS/efm32gg/list.o
 .comment       0x0000007e       0x7f ./FreeRTOS/efm32gg/port_gcc.o
 .comment       0x0000007e       0x7f ./FreeRTOS/efm32gg/queue.o
 .comment       0x0000007e       0x7f ./FreeRTOS/efm32gg/tasks.o
 .comment       0x0000007e       0x7f ./FreeRTOS/efm32gg/timers.o
 .comment       0x0000007e       0x7f ./emlib/em_assert.o
 .comment       0x0000007e       0x7f ./emlib/em_burtc.o
 .comment       0x0000007e       0x7f ./emlib/em_cmu.o
 .comment       0x0000007e       0x7f ./emlib/em_core.o
 .comment       0x0000007e       0x7f ./emlib/em_emu.o
 .comment       0x0000007e       0x7f ./emlib/em_gpio.o
 .comment       0x0000007e       0x7f ./emlib/em_i2c.o
 .comment       0x0000007e       0x7f ./emlib/em_rmu.o
 .comment       0x0000007e       0x7f ./emlib/em_system.o
 .comment       0x0000007e       0x7f ./src/APDS9960.o
 .comment       0x0000007e       0x7f ./src/bsp_i2c.o
 .comment       0x0000007e       0x7f ./src/helper_functions.o
 .comment       0x0000007e       0x7f ./src/low_power_tick_management.o
 .comment       0x0000007e       0x7f ./src/main.o

.debug_info     0x00000000    0x11516
 .debug_info    0x00000000      0x845 ./BSP/bsp_stk_leds.o
 .debug_info    0x00000845      0xcfd ./BSP/bsp_trace.o
 .debug_info    0x00001542       0x26 ./CMSIS/EFM32GG/startup_gcc_efm32gg.o
 .debug_info    0x00001568      0x7a7 ./CMSIS/EFM32GG/system_efm32gg.o
 .debug_info    0x00001d0f      0xee7 ./Drivers/sleep.o
 .debug_info    0x00002bf6      0xa86 ./FreeRTOS/efm32gg/heap_1.o
 .debug_info    0x0000367c      0xbc6 ./FreeRTOS/efm32gg/list.o
 .debug_info    0x00004242      0x3e1 ./FreeRTOS/efm32gg/port_gcc.o
 .debug_info    0x00004623     0x179d ./FreeRTOS/efm32gg/queue.o
 .debug_info    0x00005dc0     0x1f35 ./FreeRTOS/efm32gg/tasks.o
 .debug_info    0x00007cf5     0x12b8 ./FreeRTOS/efm32gg/timers.o
 .debug_info    0x00008fad       0x7e ./emlib/em_assert.o
 .debug_info    0x0000902b      0x6b5 ./emlib/em_burtc.o
 .debug_info    0x000096e0     0x1624 ./emlib/em_cmu.o
 .debug_info    0x0000ad04      0xda0 ./emlib/em_core.o
 .debug_info    0x0000baa4     0x118a ./emlib/em_emu.o
 .debug_info    0x0000cc2e      0x6f4 ./emlib/em_gpio.o
 .debug_info    0x0000d322      0x970 ./emlib/em_i2c.o
 .debug_info    0x0000dc92      0x532 ./emlib/em_rmu.o
 .debug_info    0x0000e1c4      0x2d6 ./emlib/em_system.o
 .debug_info    0x0000e49a      0x2ca ./src/APDS9960.o
 .debug_info    0x0000e764      0xfed ./src/bsp_i2c.o
 .debug_info    0x0000f751      0x444 ./src/helper_functions.o
 .debug_info    0x0000fb95      0xbd4 ./src/low_power_tick_management.o
 .debug_info    0x00010769      0xdad ./src/main.o

.debug_abbrev   0x00000000     0x32b0
 .debug_abbrev  0x00000000      0x1eb ./BSP/bsp_stk_leds.o
 .debug_abbrev  0x000001eb      0x1c7 ./BSP/bsp_trace.o
 .debug_abbrev  0x000003b2       0x14 ./CMSIS/EFM32GG/startup_gcc_efm32gg.o
 .debug_abbrev  0x000003c6      0x1eb ./CMSIS/EFM32GG/system_efm32gg.o
 .debug_abbrev  0x000005b1      0x2b5 ./Drivers/sleep.o
 .debug_abbrev  0x00000866      0x201 ./FreeRTOS/efm32gg/heap_1.o
 .debug_abbrev  0x00000a67      0x1d1 ./FreeRTOS/efm32gg/list.o
 .debug_abbrev  0x00000c38      0x1d4 ./FreeRTOS/efm32gg/port_gcc.o
 .debug_abbrev  0x00000e0c      0x2cf ./FreeRTOS/efm32gg/queue.o
 .debug_abbrev  0x000010db      0x363 ./FreeRTOS/efm32gg/tasks.o
 .debug_abbrev  0x0000143e      0x25e ./FreeRTOS/efm32gg/timers.o
 .debug_abbrev  0x0000169c       0x68 ./emlib/em_assert.o
 .debug_abbrev  0x00001704      0x226 ./emlib/em_burtc.o
 .debug_abbrev  0x0000192a      0x2ed ./emlib/em_cmu.o
 .debug_abbrev  0x00001c17      0x28f ./emlib/em_core.o
 .debug_abbrev  0x00001ea6      0x2ad ./emlib/em_emu.o
 .debug_abbrev  0x00002153      0x203 ./emlib/em_gpio.o
 .debug_abbrev  0x00002356      0x278 ./emlib/em_i2c.o
 .debug_abbrev  0x000025ce      0x231 ./emlib/em_rmu.o
 .debug_abbrev  0x000027ff      0x153 ./emlib/em_system.o
 .debug_abbrev  0x00002952       0xd4 ./src/APDS9960.o
 .debug_abbrev  0x00002a26      0x258 ./src/bsp_i2c.o
 .debug_abbrev  0x00002c7e      0x17f ./src/helper_functions.o
 .debug_abbrev  0x00002dfd      0x2b3 ./src/low_power_tick_management.o
 .debug_abbrev  0x000030b0      0x200 ./src/main.o

.debug_loc      0x00000000     0x6270
 .debug_loc     0x00000000      0x3cc ./BSP/bsp_stk_leds.o
 .debug_loc     0x000003cc       0x7c ./BSP/bsp_trace.o
 .debug_loc     0x00000448      0x31c ./CMSIS/EFM32GG/system_efm32gg.o
 .debug_loc     0x00000764      0x2fc ./Drivers/sleep.o
 .debug_loc     0x00000a60      0x128 ./FreeRTOS/efm32gg/heap_1.o
 .debug_loc     0x00000b88      0x1cc ./FreeRTOS/efm32gg/list.o
 .debug_loc     0x00000d54      0x294 ./FreeRTOS/efm32gg/port_gcc.o
 .debug_loc     0x00000fe8      0x844 ./FreeRTOS/efm32gg/queue.o
 .debug_loc     0x0000182c      0xf44 ./FreeRTOS/efm32gg/tasks.o
 .debug_loc     0x00002770      0x5ec ./FreeRTOS/efm32gg/timers.o
 .debug_loc     0x00002d5c       0x38 ./emlib/em_assert.o
 .debug_loc     0x00002d94      0x41c ./emlib/em_burtc.o
 .debug_loc     0x000031b0      0xde0 ./emlib/em_cmu.o
 .debug_loc     0x00003f90      0x844 ./emlib/em_core.o
 .debug_loc     0x000047d4      0x7a8 ./emlib/em_emu.o
 .debug_loc     0x00004f7c      0x3e4 ./emlib/em_gpio.o
 .debug_loc     0x00005360      0x3a0 ./emlib/em_i2c.o
 .debug_loc     0x00005700      0x23c ./emlib/em_rmu.o
 .debug_loc     0x0000593c       0xac ./emlib/em_system.o
 .debug_loc     0x000059e8      0x280 ./src/APDS9960.o
 .debug_loc     0x00005c68      0x140 ./src/bsp_i2c.o
 .debug_loc     0x00005da8       0xac ./src/helper_functions.o
 .debug_loc     0x00005e54      0x2f4 ./src/low_power_tick_management.o
 .debug_loc     0x00006148      0x128 ./src/main.o

.debug_aranges  0x00000000      0xc68
 .debug_aranges
                0x00000000       0x78 ./BSP/bsp_stk_leds.o
 .debug_aranges
                0x00000078       0x28 ./BSP/bsp_trace.o
 .debug_aranges
                0x000000a0       0x20 ./CMSIS/EFM32GG/startup_gcc_efm32gg.o
 .debug_aranges
                0x000000c0       0x70 ./CMSIS/EFM32GG/system_efm32gg.o
 .debug_aranges
                0x00000130       0x68 ./Drivers/sleep.o
 .debug_aranges
                0x00000198       0x38 ./FreeRTOS/efm32gg/heap_1.o
 .debug_aranges
                0x000001d0       0x40 ./FreeRTOS/efm32gg/list.o
 .debug_aranges
                0x00000210       0x78 ./FreeRTOS/efm32gg/port_gcc.o
 .debug_aranges
                0x00000288       0xe8 ./FreeRTOS/efm32gg/queue.o
 .debug_aranges
                0x00000370      0x1a0 ./FreeRTOS/efm32gg/tasks.o
 .debug_aranges
                0x00000510       0xb8 ./FreeRTOS/efm32gg/timers.o
 .debug_aranges
                0x000005c8       0x20 ./emlib/em_assert.o
 .debug_aranges
                0x000005e8       0x80 ./emlib/em_burtc.o
 .debug_aranges
                0x00000668      0x180 ./emlib/em_cmu.o
 .debug_aranges
                0x000007e8       0xe8 ./emlib/em_core.o
 .debug_aranges
                0x000008d0       0xe8 ./emlib/em_emu.o
 .debug_aranges
                0x000009b8       0x78 ./emlib/em_gpio.o
 .debug_aranges
                0x00000a30       0x70 ./emlib/em_i2c.o
 .debug_aranges
                0x00000aa0       0x50 ./emlib/em_rmu.o
 .debug_aranges
                0x00000af0       0x28 ./emlib/em_system.o
 .debug_aranges
                0x00000b18       0x58 ./src/APDS9960.o
 .debug_aranges
                0x00000b70       0x38 ./src/bsp_i2c.o
 .debug_aranges
                0x00000ba8       0x28 ./src/helper_functions.o
 .debug_aranges
                0x00000bd0       0x60 ./src/low_power_tick_management.o
 .debug_aranges
                0x00000c30       0x38 ./src/main.o

.debug_ranges   0x00000000      0xae0
 .debug_ranges  0x00000000       0x68 ./BSP/bsp_stk_leds.o
 .debug_ranges  0x00000068       0x18 ./BSP/bsp_trace.o
 .debug_ranges  0x00000080       0x60 ./CMSIS/EFM32GG/system_efm32gg.o
 .debug_ranges  0x000000e0       0x58 ./Drivers/sleep.o
 .debug_ranges  0x00000138       0x28 ./FreeRTOS/efm32gg/heap_1.o
 .debug_ranges  0x00000160       0x30 ./FreeRTOS/efm32gg/list.o
 .debug_ranges  0x00000190       0x68 ./FreeRTOS/efm32gg/port_gcc.o
 .debug_ranges  0x000001f8       0xd8 ./FreeRTOS/efm32gg/queue.o
 .debug_ranges  0x000002d0      0x190 ./FreeRTOS/efm32gg/tasks.o
 .debug_ranges  0x00000460       0xa8 ./FreeRTOS/efm32gg/timers.o
 .debug_ranges  0x00000508       0x10 ./emlib/em_assert.o
 .debug_ranges  0x00000518       0x70 ./emlib/em_burtc.o
 .debug_ranges  0x00000588      0x170 ./emlib/em_cmu.o
 .debug_ranges  0x000006f8       0xd8 ./emlib/em_core.o
 .debug_ranges  0x000007d0       0xd8 ./emlib/em_emu.o
 .debug_ranges  0x000008a8       0x68 ./emlib/em_gpio.o
 .debug_ranges  0x00000910       0x78 ./emlib/em_i2c.o
 .debug_ranges  0x00000988       0x40 ./emlib/em_rmu.o
 .debug_ranges  0x000009c8       0x18 ./emlib/em_system.o
 .debug_ranges  0x000009e0       0x48 ./src/APDS9960.o
 .debug_ranges  0x00000a28       0x28 ./src/bsp_i2c.o
 .debug_ranges  0x00000a50       0x18 ./src/helper_functions.o
 .debug_ranges  0x00000a68       0x50 ./src/low_power_tick_management.o
 .debug_ranges  0x00000ab8       0x28 ./src/main.o

.debug_macro    0x00000000    0x27e25
 .debug_macro   0x00000000      0x2fd ./BSP/bsp_stk_leds.o
 .debug_macro   0x000002fd      0xa54 ./BSP/bsp_stk_leds.o
 .debug_macro   0x00000d51      0x39b ./BSP/bsp_stk_leds.o
 .debug_macro   0x000010ec       0x22 ./BSP/bsp_stk_leds.o
 .debug_macro   0x0000110e       0x4f ./BSP/bsp_stk_leds.o
 .debug_macro   0x0000115d       0x51 ./BSP/bsp_stk_leds.o
 .debug_macro   0x000011ae       0xef ./BSP/bsp_stk_leds.o
 .debug_macro   0x0000129d       0x6a ./BSP/bsp_stk_leds.o
 .debug_macro   0x00001307      0x1df ./BSP/bsp_stk_leds.o
 .debug_macro   0x000014e6       0x1c ./BSP/bsp_stk_leds.o
 .debug_macro   0x00001502       0x22 ./BSP/bsp_stk_leds.o
 .debug_macro   0x00001524       0xc3 ./BSP/bsp_stk_leds.o
 .debug_macro   0x000015e7      0xe18 ./BSP/bsp_stk_leds.o
 .debug_macro   0x000023ff       0xe2 ./BSP/bsp_stk_leds.o
 .debug_macro   0x000024e1     0x2869 ./BSP/bsp_stk_leds.o
 .debug_macro   0x00004d4a      0x39e ./BSP/bsp_stk_leds.o
 .debug_macro   0x000050e8     0x3f12 ./BSP/bsp_stk_leds.o
 .debug_macro   0x00008ffa      0x9a4 ./BSP/bsp_stk_leds.o
 .debug_macro   0x0000999e      0x6eb ./BSP/bsp_stk_leds.o
 .debug_macro   0x0000a089      0x283 ./BSP/bsp_stk_leds.o
 .debug_macro   0x0000a30c     0x1e37 ./BSP/bsp_stk_leds.o
 .debug_macro   0x0000c143     0x30cb ./BSP/bsp_stk_leds.o
 .debug_macro   0x0000f20e      0x37f ./BSP/bsp_stk_leds.o
 .debug_macro   0x0000f58d      0x855 ./BSP/bsp_stk_leds.o
 .debug_macro   0x0000fde2     0x230f ./BSP/bsp_stk_leds.o
 .debug_macro   0x000120f1     0x1bf6 ./BSP/bsp_stk_leds.o
 .debug_macro   0x00013ce7     0x1709 ./BSP/bsp_stk_leds.o
 .debug_macro   0x000153f0      0x6d8 ./BSP/bsp_stk_leds.o
 .debug_macro   0x00015ac8     0x106a ./BSP/bsp_stk_leds.o
 .debug_macro   0x00016b32     0x1d83 ./BSP/bsp_stk_leds.o
 .debug_macro   0x000188b5      0x33d ./BSP/bsp_stk_leds.o
 .debug_macro   0x00018bf2      0xa66 ./BSP/bsp_stk_leds.o
 .debug_macro   0x00019658      0xfe0 ./BSP/bsp_stk_leds.o
 .debug_macro   0x0001a638      0x894 ./BSP/bsp_stk_leds.o
 .debug_macro   0x0001aecc      0xf85 ./BSP/bsp_stk_leds.o
 .debug_macro   0x0001be51     0x12a5 ./BSP/bsp_stk_leds.o
 .debug_macro   0x0001d0f6      0xc4a ./BSP/bsp_stk_leds.o
 .debug_macro   0x0001dd40      0x74d ./BSP/bsp_stk_leds.o
 .debug_macro   0x0001e48d      0x1c9 ./BSP/bsp_stk_leds.o
 .debug_macro   0x0001e656     0x1041 ./BSP/bsp_stk_leds.o
 .debug_macro   0x0001f697      0x280 ./BSP/bsp_stk_leds.o
 .debug_macro   0x0001f917       0x40 ./BSP/bsp_stk_leds.o
 .debug_macro   0x0001f957      0x250 ./BSP/bsp_stk_leds.o
 .debug_macro   0x0001fba7      0x1f0 ./BSP/bsp_stk_leds.o
 .debug_macro   0x0001fd97      0x166 ./BSP/bsp_stk_leds.o
 .debug_macro   0x0001fefd      0x252 ./BSP/bsp_stk_leds.o
 .debug_macro   0x0002014f     0x1bd7 ./BSP/bsp_stk_leds.o
 .debug_macro   0x00021d26       0x2e ./BSP/bsp_stk_leds.o
 .debug_macro   0x00021d54      0x427 ./BSP/bsp_stk_leds.o
 .debug_macro   0x0002217b      0x427 ./BSP/bsp_stk_leds.o
 .debug_macro   0x000225a2       0x22 ./BSP/bsp_stk_leds.o
 .debug_macro   0x000225c4       0x10 ./BSP/bsp_stk_leds.o
 .debug_macro   0x000225d4       0xcc ./BSP/bsp_stk_leds.o
 .debug_macro   0x000226a0       0x69 ./BSP/bsp_stk_leds.o
 .debug_macro   0x00022709      0x330 ./BSP/bsp_stk_leds.o
 .debug_macro   0x00022a39       0xb2 ./BSP/bsp_stk_leds.o
 .debug_macro   0x00022aeb       0x76 ./BSP/bsp_stk_leds.o
 .debug_macro   0x00022b61       0xf1 ./BSP/bsp_stk_leds.o
 .debug_macro   0x00022c52       0x3a ./BSP/bsp_stk_leds.o
 .debug_macro   0x00022c8c      0x2fe ./BSP/bsp_trace.o
 .debug_macro   0x00022f8a       0xc6 ./BSP/bsp_trace.o
 .debug_macro   0x00023050       0x16 ./BSP/bsp_trace.o
 .debug_macro   0x00023066      0x28e ./CMSIS/EFM32GG/system_efm32gg.o
 .debug_macro   0x000232f4      0x396 ./Drivers/sleep.o
 .debug_macro   0x0002368a       0x63 ./Drivers/sleep.o
 .debug_macro   0x000236ed       0xba ./Drivers/sleep.o
 .debug_macro   0x000237a7       0x11 ./Drivers/sleep.o
 .debug_macro   0x000237b8       0x19 ./Drivers/sleep.o
 .debug_macro   0x000237d1       0x2d ./Drivers/sleep.o
 .debug_macro   0x000237fe       0x17 ./Drivers/sleep.o
 .debug_macro   0x00023815       0x58 ./Drivers/sleep.o
 .debug_macro   0x0002386d       0x35 ./Drivers/sleep.o
 .debug_macro   0x000238a2       0x9c ./Drivers/sleep.o
 .debug_macro   0x0002393e       0x16 ./Drivers/sleep.o
 .debug_macro   0x00023954      0x10e ./Drivers/sleep.o
 .debug_macro   0x00023a62       0x86 ./Drivers/sleep.o
 .debug_macro   0x00023ae8       0x58 ./Drivers/sleep.o
 .debug_macro   0x00023b40       0x1f ./Drivers/sleep.o
 .debug_macro   0x00023b5f       0x43 ./Drivers/sleep.o
 .debug_macro   0x00023ba2       0x20 ./Drivers/sleep.o
 .debug_macro   0x00023bc2      0x18e ./Drivers/sleep.o
 .debug_macro   0x00023d50      0x34d ./Drivers/sleep.o
 .debug_macro   0x0002409d       0x22 ./Drivers/sleep.o
 .debug_macro   0x000240bf      0x1a3 ./FreeRTOS/efm32gg/heap_1.o
 .debug_macro   0x00024262      0x182 ./FreeRTOS/efm32gg/list.o
 .debug_macro   0x000243e4      0x187 ./FreeRTOS/efm32gg/port_gcc.o
 .debug_macro   0x0002456b      0x1f6 ./FreeRTOS/efm32gg/queue.o
 .debug_macro   0x00024761       0x16 ./FreeRTOS/efm32gg/queue.o
 .debug_macro   0x00024777       0x35 ./FreeRTOS/efm32gg/queue.o
 .debug_macro   0x000247ac       0x95 ./FreeRTOS/efm32gg/queue.o
 .debug_macro   0x00024841      0x258 ./FreeRTOS/efm32gg/tasks.o
 .debug_macro   0x00024a99       0x11 ./FreeRTOS/efm32gg/tasks.o
 .debug_macro   0x00024aaa      0x1bf ./FreeRTOS/efm32gg/timers.o
 .debug_macro   0x00024c69       0x23 ./emlib/em_assert.o
 .debug_macro   0x00024c8c      0x29b ./emlib/em_burtc.o
 .debug_macro   0x00024f27       0x3b ./emlib/em_burtc.o
 .debug_macro   0x00024f62      0x367 ./emlib/em_cmu.o
 .debug_macro   0x000252c9       0x25 ./emlib/em_cmu.o
 .debug_macro   0x000252ee       0xee ./emlib/em_cmu.o
 .debug_macro   0x000253dc       0x1f ./emlib/em_cmu.o
 .debug_macro   0x000253fb      0x2c0 ./emlib/em_core.o
 .debug_macro   0x000256bb      0x367 ./emlib/em_emu.o
 .debug_macro   0x00025a22       0xbd ./emlib/em_emu.o
 .debug_macro   0x00025adf       0xc0 ./emlib/em_emu.o
 .debug_macro   0x00025b9f      0x2a7 ./emlib/em_gpio.o
 .debug_macro   0x00025e46      0x330 ./emlib/em_i2c.o
 .debug_macro   0x00026176       0x3f ./emlib/em_i2c.o
 .debug_macro   0x000261b5      0x32d ./emlib/em_rmu.o
 .debug_macro   0x000264e2      0x295 ./emlib/em_system.o
 .debug_macro   0x00026777       0x7f ./src/APDS9960.o
 .debug_macro   0x000267f6      0x35b ./src/APDS9960.o
 .debug_macro   0x00026b51      0x3be ./src/bsp_i2c.o
 .debug_macro   0x00026f0f       0x16 ./src/bsp_i2c.o
 .debug_macro   0x00026f25       0x97 ./src/bsp_i2c.o
 .debug_macro   0x00026fbc       0xf6 ./src/bsp_i2c.o
 .debug_macro   0x000270b2       0x10 ./src/bsp_i2c.o
 .debug_macro   0x000270c2       0x10 ./src/bsp_i2c.o
 .debug_macro   0x000270d2       0xb6 ./src/bsp_i2c.o
 .debug_macro   0x00027188       0x16 ./src/bsp_i2c.o
 .debug_macro   0x0002719e      0x129 ./src/bsp_i2c.o
 .debug_macro   0x000272c7      0x270 ./src/helper_functions.o
 .debug_macro   0x00027537      0x363 ./src/low_power_tick_management.o
 .debug_macro   0x0002789a       0x16 ./src/low_power_tick_management.o
 .debug_macro   0x000278b0       0x41 ./src/low_power_tick_management.o
 .debug_macro   0x000278f1      0x4d1 ./src/main.o
 .debug_macro   0x00027dc2       0x63 ./src/main.o

.debug_line     0x00000000     0xdfcb
 .debug_line    0x00000000      0xb67 ./BSP/bsp_stk_leds.o
 .debug_line    0x00000b67      0x93a ./BSP/bsp_trace.o
 .debug_line    0x000014a1       0x72 ./CMSIS/EFM32GG/startup_gcc_efm32gg.o
 .debug_line    0x00001513      0x835 ./CMSIS/EFM32GG/system_efm32gg.o
 .debug_line    0x00001d48      0xa35 ./Drivers/sleep.o
 .debug_line    0x0000277d      0x58f ./FreeRTOS/efm32gg/heap_1.o
 .debug_line    0x00002d0c      0x5a4 ./FreeRTOS/efm32gg/list.o
 .debug_line    0x000032b0      0x61b ./FreeRTOS/efm32gg/port_gcc.o
 .debug_line    0x000038cb      0xa62 ./FreeRTOS/efm32gg/queue.o
 .debug_line    0x0000432d      0xe7f ./FreeRTOS/efm32gg/tasks.o
 .debug_line    0x000051ac      0x7e7 ./FreeRTOS/efm32gg/timers.o
 .debug_line    0x00005993      0x12f ./emlib/em_assert.o
 .debug_line    0x00005ac2      0x976 ./emlib/em_burtc.o
 .debug_line    0x00006438     0x1119 ./emlib/em_cmu.o
 .debug_line    0x00007551      0xb5f ./emlib/em_core.o
 .debug_line    0x000080b0      0xc0f ./emlib/em_emu.o
 .debug_line    0x00008cbf      0xa98 ./emlib/em_gpio.o
 .debug_line    0x00009757      0xb23 ./emlib/em_i2c.o
 .debug_line    0x0000a27a      0x8a0 ./emlib/em_rmu.o
 .debug_line    0x0000ab1a      0x817 ./emlib/em_system.o
 .debug_line    0x0000b331      0x393 ./src/APDS9960.o
 .debug_line    0x0000b6c4      0x958 ./src/bsp_i2c.o
 .debug_line    0x0000c01c      0x782 ./src/helper_functions.o
 .debug_line    0x0000c79e      0xb7c ./src/low_power_tick_management.o
 .debug_line    0x0000d31a      0xcb1 ./src/main.o

.debug_str      0x00000000    0xe3f67
 .debug_str     0x00000000    0xd4a14 ./BSP/bsp_stk_leds.o
                              0xd5053 (size before relaxing)
 .debug_str     0x000d4a14      0x398 ./BSP/bsp_trace.o
                              0xd5115 (size before relaxing)
 .debug_str     0x000d4dac       0x36 ./CMSIS/EFM32GG/startup_gcc_efm32gg.o
                                 0x7b (size before relaxing)
 .debug_str     0x000d4de2      0x26b ./CMSIS/EFM32GG/system_efm32gg.o
                              0xd2eb1 (size before relaxing)
 .debug_str     0x000d504d     0x3a22 ./Drivers/sleep.o
                              0xd697f (size before relaxing)
 .debug_str     0x000d8a6f     0x3735 ./FreeRTOS/efm32gg/heap_1.o
                               0xa3e7 (size before relaxing)
 .debug_str     0x000dc1a4      0x13d ./FreeRTOS/efm32gg/list.o
                               0x9e53 (size before relaxing)
 .debug_str     0x000dc2e1      0x6ef ./FreeRTOS/efm32gg/port_gcc.o
                               0x7bfc (size before relaxing)
 .debug_str     0x000dc9d0      0xeeb ./FreeRTOS/efm32gg/queue.o
                               0xb33f (size before relaxing)
 .debug_str     0x000dd8bb     0x190e ./FreeRTOS/efm32gg/tasks.o
                               0xbe70 (size before relaxing)
 .debug_str     0x000df1c9      0x406 ./FreeRTOS/efm32gg/timers.o
                               0xb837 (size before relaxing)
 .debug_str     0x000df5cf       0x1f ./emlib/em_assert.o
                               0x2da8 (size before relaxing)
 .debug_str     0x000df5ee      0x389 ./emlib/em_burtc.o
                              0xd2fa7 (size before relaxing)
 .debug_str     0x000df977      0xe97 ./emlib/em_cmu.o
                              0xd6ce3 (size before relaxing)
 .debug_str     0x000e080e      0x5f4 ./emlib/em_core.o
                              0xd3afe (size before relaxing)
 .debug_str     0x000e0e02      0x58b ./emlib/em_emu.o
                              0xd6e04 (size before relaxing)
 .debug_str     0x000e138d      0x1fb ./emlib/em_gpio.o
                              0xd370b (size before relaxing)
 .debug_str     0x000e1588      0x50e ./emlib/em_i2c.o
                              0xd639b (size before relaxing)
 .debug_str     0x000e1a96      0x43d ./emlib/em_rmu.o
                              0xd346c (size before relaxing)
 .debug_str     0x000e1ed3       0xac ./emlib/em_system.o
                              0xd2fa0 (size before relaxing)
 .debug_str     0x000e1f7f      0xb06 ./src/APDS9960.o
                               0x46d3 (size before relaxing)
 .debug_str     0x000e2a85      0x77e ./src/bsp_i2c.o
                              0xd7eac (size before relaxing)
 .debug_str     0x000e3203       0x27 ./src/helper_functions.o
                              0xd2be2 (size before relaxing)
 .debug_str     0x000e322a       0xd7 ./src/low_power_tick_management.o
                              0xd8b0d (size before relaxing)
 .debug_str     0x000e3301      0xc66 ./src/main.o
                              0xdcbad (size before relaxing)

.debug_frame    0x00000000     0x36ec
 .debug_frame   0x00000000      0x1c4 ./BSP/bsp_stk_leds.o
 .debug_frame   0x000001c4       0x50 ./BSP/bsp_trace.o
 .debug_frame   0x00000214      0x180 ./CMSIS/EFM32GG/system_efm32gg.o
 .debug_frame   0x00000394      0x170 ./Drivers/sleep.o
 .debug_frame   0x00000504       0x98 ./FreeRTOS/efm32gg/heap_1.o
 .debug_frame   0x0000059c       0xd8 ./FreeRTOS/efm32gg/list.o
 .debug_frame   0x00000674      0x178 ./FreeRTOS/efm32gg/port_gcc.o
 .debug_frame   0x000007ec      0x3c4 ./FreeRTOS/efm32gg/queue.o
 .debug_frame   0x00000bb0      0x6f4 ./FreeRTOS/efm32gg/tasks.o
 .debug_frame   0x000012a4      0x2d8 ./FreeRTOS/efm32gg/timers.o
 .debug_frame   0x0000157c       0x2c ./emlib/em_assert.o
 .debug_frame   0x000015a8      0x1ec ./emlib/em_burtc.o
 .debug_frame   0x00001794      0x66c ./emlib/em_cmu.o
 .debug_frame   0x00001e00      0x3c4 ./emlib/em_core.o
 .debug_frame   0x000021c4      0x3a0 ./emlib/em_emu.o
 .debug_frame   0x00002564      0x1cc ./emlib/em_gpio.o
 .debug_frame   0x00002730      0x1b0 ./emlib/em_i2c.o
 .debug_frame   0x000028e0      0x110 ./emlib/em_rmu.o
 .debug_frame   0x000029f0       0x5c ./emlib/em_system.o
 .debug_frame   0x00002a4c      0x130 ./src/APDS9960.o
 .debug_frame   0x00002b7c       0xa4 ./src/bsp_i2c.o
 .debug_frame   0x00002c20       0x5c ./src/helper_functions.o
 .debug_frame   0x00002c7c      0x168 ./src/low_power_tick_management.o
 .debug_frame   0x00002de4       0x9c ./src/main.o
 .debug_frame   0x00002e80       0x28 c:/siliconlabs/simplicitystudio/v4/developer/toolchains/gnu_arm/7.2_2017q4/bin/../lib/gcc/arm-none-eabi/7.2.1/../../../../arm-none-eabi/lib/thumb/v7-m\libc_nano.a(lib_a-exit.o)
 .debug_frame   0x00002ea8       0x2c c:/siliconlabs/simplicitystudio/v4/developer/toolchains/gnu_arm/7.2_2017q4/bin/../lib/gcc/arm-none-eabi/7.2.1/../../../../arm-none-eabi/lib/thumb/v7-m\libc_nano.a(lib_a-init.o)
 .debug_frame   0x00002ed4       0x28 c:/siliconlabs/simplicitystudio/v4/developer/toolchains/gnu_arm/7.2_2017q4/bin/../lib/gcc/arm-none-eabi/7.2.1/../../../../arm-none-eabi/lib/thumb/v7-m\libc_nano.a(lib_a-memcpy-stub.o)
 .debug_frame   0x00002efc       0x20 c:/siliconlabs/simplicitystudio/v4/developer/toolchains/gnu_arm/7.2_2017q4/bin/../lib/gcc/arm-none-eabi/7.2.1/../../../../arm-none-eabi/lib/thumb/v7-m\libc_nano.a(lib_a-memset.o)
 .debug_frame   0x00002f1c       0x74 c:/siliconlabs/simplicitystudio/v4/developer/toolchains/gnu_arm/7.2_2017q4/bin/../lib/gcc/arm-none-eabi/7.2.1/../../../../arm-none-eabi/lib/thumb/v7-m\libc_nano.a(lib_a-printf.o)
 .debug_frame   0x00002f90      0x11c c:/siliconlabs/simplicitystudio/v4/developer/toolchains/gnu_arm/7.2_2017q4/bin/../lib/gcc/arm-none-eabi/7.2.1/../../../../arm-none-eabi/lib/thumb/v7-m\libc_nano.a(lib_a-findfp.o)
 .debug_frame   0x000030ac       0x54 c:/siliconlabs/simplicitystudio/v4/developer/toolchains/gnu_arm/7.2_2017q4/bin/../lib/gcc/arm-none-eabi/7.2.1/../../../../arm-none-eabi/lib/thumb/v7-m\libc_nano.a(lib_a-fwalk.o)
 .debug_frame   0x00003100       0x2c c:/siliconlabs/simplicitystudio/v4/developer/toolchains/gnu_arm/7.2_2017q4/bin/../lib/gcc/arm-none-eabi/7.2.1/../../../../arm-none-eabi/lib/thumb/v7-m\libc_nano.a(lib_a-nano-mallocr.o)
 .debug_frame   0x0000312c       0xac c:/siliconlabs/simplicitystudio/v4/developer/toolchains/gnu_arm/7.2_2017q4/bin/../lib/gcc/arm-none-eabi/7.2.1/../../../../arm-none-eabi/lib/thumb/v7-m\libc_nano.a(lib_a-nano-vfprintf.o)
 .debug_frame   0x000031d8       0x60 c:/siliconlabs/simplicitystudio/v4/developer/toolchains/gnu_arm/7.2_2017q4/bin/../lib/gcc/arm-none-eabi/7.2.1/../../../../arm-none-eabi/lib/thumb/v7-m\libc_nano.a(lib_a-nano-vfprintf_i.o)
 .debug_frame   0x00003238       0x2c c:/siliconlabs/simplicitystudio/v4/developer/toolchains/gnu_arm/7.2_2017q4/bin/../lib/gcc/arm-none-eabi/7.2.1/../../../../arm-none-eabi/lib/thumb/v7-m\libc_nano.a(lib_a-sbrkr.o)
 .debug_frame   0x00003264       0x88 c:/siliconlabs/simplicitystudio/v4/developer/toolchains/gnu_arm/7.2_2017q4/bin/../lib/gcc/arm-none-eabi/7.2.1/../../../../arm-none-eabi/lib/thumb/v7-m\libc_nano.a(lib_a-stdio.o)
 .debug_frame   0x000032ec       0x40 c:/siliconlabs/simplicitystudio/v4/developer/toolchains/gnu_arm/7.2_2017q4/bin/../lib/gcc/arm-none-eabi/7.2.1/../../../../arm-none-eabi/lib/thumb/v7-m\libc_nano.a(lib_a-wbuf.o)
 .debug_frame   0x0000332c       0x2c c:/siliconlabs/simplicitystudio/v4/developer/toolchains/gnu_arm/7.2_2017q4/bin/../lib/gcc/arm-none-eabi/7.2.1/../../../../arm-none-eabi/lib/thumb/v7-m\libc_nano.a(lib_a-writer.o)
 .debug_frame   0x00003358       0x2c c:/siliconlabs/simplicitystudio/v4/developer/toolchains/gnu_arm/7.2_2017q4/bin/../lib/gcc/arm-none-eabi/7.2.1/../../../../arm-none-eabi/lib/thumb/v7-m\libc_nano.a(lib_a-wsetup.o)
 .debug_frame   0x00003384       0x2c c:/siliconlabs/simplicitystudio/v4/developer/toolchains/gnu_arm/7.2_2017q4/bin/../lib/gcc/arm-none-eabi/7.2.1/../../../../arm-none-eabi/lib/thumb/v7-m\libc_nano.a(lib_a-closer.o)
 .debug_frame   0x000033b0       0x68 c:/siliconlabs/simplicitystudio/v4/developer/toolchains/gnu_arm/7.2_2017q4/bin/../lib/gcc/arm-none-eabi/7.2.1/../../../../arm-none-eabi/lib/thumb/v7-m\libc_nano.a(lib_a-fflush.o)
 .debug_frame   0x00003418       0x2c c:/siliconlabs/simplicitystudio/v4/developer/toolchains/gnu_arm/7.2_2017q4/bin/../lib/gcc/arm-none-eabi/7.2.1/../../../../arm-none-eabi/lib/thumb/v7-m\libc_nano.a(lib_a-lseekr.o)
 .debug_frame   0x00003444       0x58 c:/siliconlabs/simplicitystudio/v4/developer/toolchains/gnu_arm/7.2_2017q4/bin/../lib/gcc/arm-none-eabi/7.2.1/../../../../arm-none-eabi/lib/thumb/v7-m\libc_nano.a(lib_a-makebuf.o)
 .debug_frame   0x0000349c       0x28 c:/siliconlabs/simplicitystudio/v4/developer/toolchains/gnu_arm/7.2_2017q4/bin/../lib/gcc/arm-none-eabi/7.2.1/../../../../arm-none-eabi/lib/thumb/v7-m\libc_nano.a(lib_a-memchr-stub.o)
 .debug_frame   0x000034c4       0x30 c:/siliconlabs/simplicitystudio/v4/developer/toolchains/gnu_arm/7.2_2017q4/bin/../lib/gcc/arm-none-eabi/7.2.1/../../../../arm-none-eabi/lib/thumb/v7-m\libc_nano.a(lib_a-mlock.o)
 .debug_frame   0x000034f4       0x38 c:/siliconlabs/simplicitystudio/v4/developer/toolchains/gnu_arm/7.2_2017q4/bin/../lib/gcc/arm-none-eabi/7.2.1/../../../../arm-none-eabi/lib/thumb/v7-m\libc_nano.a(lib_a-nano-freer.o)
 .debug_frame   0x0000352c       0x2c c:/siliconlabs/simplicitystudio/v4/developer/toolchains/gnu_arm/7.2_2017q4/bin/../lib/gcc/arm-none-eabi/7.2.1/../../../../arm-none-eabi/lib/thumb/v7-m\libc_nano.a(lib_a-readr.o)
 .debug_frame   0x00003558       0x5c c:/siliconlabs/simplicitystudio/v4/developer/toolchains/gnu_arm/7.2_2017q4/bin/../lib/gcc/arm-none-eabi/7.2.1/../../../../arm-none-eabi/lib/thumb/v7-m\libc_nano.a(lib_a-reent.o)